Archive member included to satisfy reference by file (symbol)

c:/progra~2/gnuarm~1/102021~1.10/bin/../lib/gcc/arm-none-eabi/10.3.1/thumb/v6-m/nofp\libgcc.a(_dvmd_tls.o)
                              CMakeFiles/_0_introduction.dir/C_/src/pico-sdk/src/rp2_common/pico_divider/divider.S.obj (__aeabi_idiv0)
c:/progra~2/gnuarm~1/102021~1.10/bin/../lib/gcc/arm-none-eabi/10.3.1/../../../../arm-none-eabi/lib/thumb/v6-m/nofp\libc.a(lib_a-calloc.o)
                              CMakeFiles/_0_introduction.dir/C_/src/pico-sdk/src/rp2_common/pico_malloc/pico_malloc.c.obj (calloc)
c:/progra~2/gnuarm~1/102021~1.10/bin/../lib/gcc/arm-none-eabi/10.3.1/../../../../arm-none-eabi/lib/thumb/v6-m/nofp\libc.a(lib_a-callocr.o)
                              c:/progra~2/gnuarm~1/102021~1.10/bin/../lib/gcc/arm-none-eabi/10.3.1/../../../../arm-none-eabi/lib/thumb/v6-m/nofp\libc.a(lib_a-calloc.o) (_calloc_r)
c:/progra~2/gnuarm~1/102021~1.10/bin/../lib/gcc/arm-none-eabi/10.3.1/../../../../arm-none-eabi/lib/thumb/v6-m/nofp\libc.a(lib_a-errno.o)
                              c:/progra~2/gnuarm~1/102021~1.10/bin/../lib/gcc/arm-none-eabi/10.3.1/../../../../arm-none-eabi/lib/thumb/v6-m/nofp\libc.a(lib_a-callocr.o) (__errno)
c:/progra~2/gnuarm~1/102021~1.10/bin/../lib/gcc/arm-none-eabi/10.3.1/../../../../arm-none-eabi/lib/thumb/v6-m/nofp\libc.a(lib_a-impure.o)
                              c:/progra~2/gnuarm~1/102021~1.10/bin/../lib/gcc/arm-none-eabi/10.3.1/../../../../arm-none-eabi/lib/thumb/v6-m/nofp\libc.a(lib_a-calloc.o) (_impure_ptr)
c:/progra~2/gnuarm~1/102021~1.10/bin/../lib/gcc/arm-none-eabi/10.3.1/../../../../arm-none-eabi/lib/thumb/v6-m/nofp\libc.a(lib_a-init.o)
                              c:/progra~2/gnuarm~1/102021~1.10/bin/../lib/gcc/arm-none-eabi/10.3.1/../../../../arm-none-eabi/lib/thumb/v6-m/nofp/crt0.o (__libc_init_array)
c:/progra~2/gnuarm~1/102021~1.10/bin/../lib/gcc/arm-none-eabi/10.3.1/../../../../arm-none-eabi/lib/thumb/v6-m/nofp\libc.a(lib_a-malloc.o)
                              CMakeFiles/_0_introduction.dir/C_/src/pico-sdk/src/rp2_common/pico_malloc/pico_malloc.c.obj (malloc)
c:/progra~2/gnuarm~1/102021~1.10/bin/../lib/gcc/arm-none-eabi/10.3.1/../../../../arm-none-eabi/lib/thumb/v6-m/nofp\libc.a(lib_a-mallocr.o)
                              c:/progra~2/gnuarm~1/102021~1.10/bin/../lib/gcc/arm-none-eabi/10.3.1/../../../../arm-none-eabi/lib/thumb/v6-m/nofp\libc.a(lib_a-callocr.o) (_malloc_r)
c:/progra~2/gnuarm~1/102021~1.10/bin/../lib/gcc/arm-none-eabi/10.3.1/../../../../arm-none-eabi/lib/thumb/v6-m/nofp\libc.a(lib_a-memmove.o)
                              CMakeFiles/_0_introduction.dir/C_/src/pico-sdk/lib/cyw43-driver/src/cyw43_ll.c.obj (memmove)
c:/progra~2/gnuarm~1/102021~1.10/bin/../lib/gcc/arm-none-eabi/10.3.1/../../../../arm-none-eabi/lib/thumb/v6-m/nofp\libc.a(lib_a-mlock.o)
                              c:/progra~2/gnuarm~1/102021~1.10/bin/../lib/gcc/arm-none-eabi/10.3.1/../../../../arm-none-eabi/lib/thumb/v6-m/nofp\libc.a(lib_a-mallocr.o) (__malloc_lock)
c:/progra~2/gnuarm~1/102021~1.10/bin/../lib/gcc/arm-none-eabi/10.3.1/../../../../arm-none-eabi/lib/thumb/v6-m/nofp\libc.a(lib_a-realloc.o)
                              CMakeFiles/_0_introduction.dir/C_/src/pico-sdk/src/rp2_common/pico_malloc/pico_malloc.c.obj (realloc)
c:/progra~2/gnuarm~1/102021~1.10/bin/../lib/gcc/arm-none-eabi/10.3.1/../../../../arm-none-eabi/lib/thumb/v6-m/nofp\libc.a(lib_a-reallocr.o)
                              c:/progra~2/gnuarm~1/102021~1.10/bin/../lib/gcc/arm-none-eabi/10.3.1/../../../../arm-none-eabi/lib/thumb/v6-m/nofp\libc.a(lib_a-realloc.o) (_realloc_r)
c:/progra~2/gnuarm~1/102021~1.10/bin/../lib/gcc/arm-none-eabi/10.3.1/../../../../arm-none-eabi/lib/thumb/v6-m/nofp\libc.a(lib_a-sbrkr.o)
                              c:/progra~2/gnuarm~1/102021~1.10/bin/../lib/gcc/arm-none-eabi/10.3.1/../../../../arm-none-eabi/lib/thumb/v6-m/nofp\libc.a(lib_a-mallocr.o) (_sbrk_r)
c:/progra~2/gnuarm~1/102021~1.10/bin/../lib/gcc/arm-none-eabi/10.3.1/../../../../arm-none-eabi/lib/thumb/v6-m/nofp\libc.a(lib_a-strlen-stub.o)
                              CMakeFiles/_0_introduction.dir/C_/src/pico-sdk/src/rp2_common/pico_stdio/stdio.c.obj (strlen)
c:/progra~2/gnuarm~1/102021~1.10/bin/../lib/gcc/arm-none-eabi/10.3.1/../../../../arm-none-eabi/lib/thumb/v6-m/nofp\libc.a(lib_a-strncmp.o)
                              CMakeFiles/_0_introduction.dir/C_/src/pico-sdk/lib/cyw43-driver/src/cyw43_ll.c.obj (strncmp)
c:/progra~2/gnuarm~1/102021~1.10/bin/../lib/gcc/arm-none-eabi/10.3.1/../../../../arm-none-eabi/lib/thumb/v6-m/nofp\libc.a(lib_a-freer.o)
                              c:/progra~2/gnuarm~1/102021~1.10/bin/../lib/gcc/arm-none-eabi/10.3.1/../../../../arm-none-eabi/lib/thumb/v6-m/nofp\libc.a(lib_a-malloc.o) (_free_r)
c:/progra~2/gnuarm~1/102021~1.10/bin/../lib/gcc/arm-none-eabi/10.3.1/../../../../arm-none-eabi/lib/thumb/v6-m/nofp\libc.a(lib_a-lock.o)
[...]
Memory Configuration

Name             Origin             Length             Attributes
FLASH            0x10000000         0x00200000         xr
RAM              0x20000000         0x00040000         xrw
SCRATCH_X        0x20040000         0x00001000         xrw
SCRATCH_Y        0x20041000         0x00001000         xrw
*default*        0x00000000         0xffffffff

Linker script and memory map

LOAD c:/progra~2/gnuarm~1/102021~1.10/bin/../lib/gcc/arm-none-eabi/10.3.1/thumb/v6-m/nofp/crti.o
LOAD c:/progra~2/gnuarm~1/102021~1.10/bin/../lib/gcc/arm-none-eabi/10.3.1/thumb/v6-m/nofp/crtbegin.o
LOAD c:/progra~2/gnuarm~1/102021~1.10/bin/../lib/gcc/arm-none-eabi/10.3.1/../../../../arm-none-eabi/lib/thumb/v6-m/nofp/crt0.o

.flash_begin    0x10000000        0x0
                0x10000000                __flash_binary_start = .

.boot2          0x10000000      0x100
                0x10000000                __boot2_start__ = .
 *(.boot2)
 .boot2         0x10000000      0x100 C:\Users\RECEP\AppData\Local\Temp\ccKwZpJv.o
                0x10000100                __boot2_end__ = .
                0x00000001                ASSERT (((__boot2_end__ - __boot2_start__) == 0x100), ERROR: Pico second stage bootloader must be 256 bytes in size)

.flashtext      0x10000100      0x1e0
                0x10000100                __logical_binary_start = .
 *(.vectors)
 .vectors       0x10000100       0xd4 CMakeFiles/_0_introduction.dir/C_/src/pico-sdk/src/rp2_common/pico_standard_link/crt0.S.obj
                0x10000100                __VECTOR_TABLE
                0x10000100                __vectors
                0x100001c0                isr_invalid
                0x100001c0                __default_isrs_start
                0x100001c2                isr_nmi
                0x100001c4                isr_hardfault
                0x100001c6                isr_svcall
                0x100001c8                isr_pendsv
                0x100001ca                isr_systick
                0x100001cc                isr_irq23
                0x100001cc                isr_irq18
                0x100001cc                isr_irq11
                0x100001cc                isr_irq28
                0x100001cc                isr_irq19
                0x100001cc                isr_irq0
                0x100001cc                isr_irq6
                0x100001cc                isr_irq5
                0x100001cc                isr_irq12
                0x100001cc                isr_irq22
                0x100001cc                isr_irq31
                0x100001cc                isr_irq17
                0x100001cc                isr_irq27
                0x100001cc                isr_irq30
                0x100001cc                isr_irq2
                0x100001cc                isr_irq10
                0x100001cc                isr_irq8
                0x100001cc                isr_irq24
                0x100001cc                isr_irq1
                0x100001cc                isr_irq7
                0x100001cc                isr_irq21
                0x100001cc                isr_irq20
                0x100001cc                isr_irq15
                0x100001cc                isr_irq25
                0x100001cc                isr_irq13
                0x100001cc                __unhandled_user_irq
                0x100001cc                isr_irq4
                0x100001cc                isr_irq16
                0x100001cc                isr_irq29
                0x100001cc                isr_irq26
                0x100001cc                __default_isrs_end
                0x100001cc                isr_irq3
                0x100001cc                isr_irq14
                0x100001cc                isr_irq9
                0x100001d2                unhandled_user_irq_num_in_r0
 *(.binary_info_header)
 .binary_info_header
                0x100001d4       0x14 CMakeFiles/_0_introduction.dir/C_/src/pico-sdk/src/rp2_common/pico_standard_link/crt0.S.obj
                0x100001e8                __binary_info_header_end = .
 *(.reset)
 .reset         0x100001e8       0xb4 CMakeFiles/_0_introduction.dir/C_/src/pico-sdk/src/rp2_common/pico_standard_link/crt0.S.obj
                0x100001e8                _entry_point
                0x10000272                __get_current_exception
 *fill*         0x1000029c        0x4 
 .reset.__stub  0x100002a0       0x10 linker stubs
 .reset         0x100002b0       0x30 CMakeFiles/_0_introduction.dir/C_/src/pico-sdk/src/rp2_common/pico_standard_link/binary_info.c.obj

.rodata         0x100002e0        0x0
 *(SORT_BY_ALIGNMENT(SORT_BY_NAME(.flashdata*)))
                0x100002e0                . = ALIGN (0x4)

.big_const      0x100002e0    0x36fd8
 .big_const     0x100002e0    0x36fd8 pico-sdk\src\rp2_common\cyw43_driver\cyw43_resource.o
                0x100002e0                fw_43439A0_7_95_49_00_start
                0x100372b8                fw_43439A0_7_95_49_00_end

.ARM.extab
 *(.ARM.extab* .gnu.linkonce.armextab.*)
                0x100372b8                __exidx_start = .

.ARM.exidx
 *(.ARM.exidx* .gnu.linkonce.armexidx.*)
                0x100372b8                __exidx_end = .
                0x100372b8                . = ALIGN (0x4)
                0x100372b8                __binary_info_start = .

.binary_info    0x100372b8       0x24
 *(.binary_info.keep.*)
 .binary_info.keep.__bi_ptr22
                0x100372b8        0x4 CMakeFiles/_0_introduction.dir/C_/src/pico-sdk/src/rp2_common/pico_standard_link/binary_info.c.obj
 .binary_info.keep.__bi_ptr30
                0x100372bc        0x4 CMakeFiles/_0_introduction.dir/C_/src/pico-sdk/src/rp2_common/pico_standard_link/binary_info.c.obj
 .binary_info.keep.__bi_ptr38
                0x100372c0        0x4 CMakeFiles/_0_introduction.dir/C_/src/pico-sdk/src/rp2_common/pico_standard_link/binary_info.c.obj
 .binary_info.keep.__bi_ptr44
                0x100372c4        0x4 CMakeFiles/_0_introduction.dir/C_/src/pico-sdk/src/rp2_common/pico_standard_link/binary_info.c.obj
 .binary_info.keep.__bi_ptr50
                0x100372c8        0x4 CMakeFiles/_0_introduction.dir/C_/src/pico-sdk/src/rp2_common/pico_standard_link/binary_info.c.obj
 .binary_info.keep.__bi_ptr75
                0x100372cc        0x4 CMakeFiles/_0_introduction.dir/C_/src/pico-sdk/src/rp2_common/pico_standard_link/binary_info.c.obj
 .binary_info.keep.__bi_ptr81
                0x100372d0        0x4 CMakeFiles/_0_introduction.dir/C_/src/pico-sdk/src/rp2_common/pico_standard_link/binary_info.c.obj
 .binary_info.keep.__bi_ptr35
                0x100372d4        0x4 CMakeFiles/_0_introduction.dir/C_/src/pico-sdk/src/rp2_common/pico_bootsel_via_double_reset/pico_bootsel_via_double_reset.c.obj
 *(.binary_info.*)
 .binary_info.__bi_ptr118
                0x100372d8        0x4 CMakeFiles/_0_introduction.dir/C_/src/pico-sdk/src/rp2_common/pico_stdio_usb/stdio_usb.c.obj
                0x100372dc                __binary_info_end = .
                0x100372dc                . = ALIGN (0x4)

.ram_vector_table
                0x20000000       0xc0
 *(.ram_vector_table)
 .ram_vector_table
                0x20000000       0xc0 CMakeFiles/_0_introduction.dir/C_/src/pico-sdk/src/rp2_common/pico_runtime/runtime.c.obj
                0x20000000                ram_vector_table

.text           0x200000c0     0xa3e8 load address 0x100372dc
                0x200000c0                __ram_text_start__ = .
 *(.init)
 .init          0x200000c0        0x4 c:/progra~2/gnuarm~1/102021~1.10/bin/../lib/gcc/arm-none-eabi/10.3.1/thumb/v6-m/nofp/crti.o
                0x200000c0                _init
 *(.text*)
 .text          0x200000c4       0x48 c:/progra~2/gnuarm~1/102021~1.10/bin/../lib/gcc/arm-none-eabi/10.3.1/thumb/v6-m/nofp/crtbegin.o
 .text.startup.main
                0x2000010c       0xc0 CMakeFiles/_0_introduction.dir/main.cpp.obj
                0x2000010c                main
 .text.gpio_set_function
                0x200001cc       0x30 CMakeFiles/_0_introduction.dir/C_/src/pico-sdk/src/rp2_common/hardware_gpio/gpio.c.obj
                0x200001cc                gpio_set_function
 .text.gpio_set_pulls
                0x200001fc       0x30 CMakeFiles/_0_introduction.dir/C_/src/pico-sdk/src/rp2_common/hardware_gpio/gpio.c.obj
                0x200001fc                gpio_set_pulls
 .text.gpio_set_input_hysteresis_enabled
                0x2000022c       0x28 CMakeFiles/_0_introduction.dir/C_/src/pico-sdk/src/rp2_common/hardware_gpio/gpio.c.obj
                0x2000022c                gpio_set_input_hysteresis_enabled
 .text.gpio_set_irq_enabled
                0x20000254       0x54 CMakeFiles/_0_introduction.dir/C_/src/pico-sdk/src/rp2_common/hardware_gpio/gpio.c.obj
                0x20000254                gpio_set_irq_enabled
 .text.gpio_add_raw_irq_handler_with_order_priority_masked
                0x200002a8       0x44 CMakeFiles/_0_introduction.dir/C_/src/pico-sdk/src/rp2_common/hardware_gpio/gpio.c.obj
                0x200002a8                gpio_add_raw_irq_handler_with_order_priority_masked
 .text.gpio_remove_raw_irq_handler_masked
                0x200002ec       0x20 CMakeFiles/_0_introduction.dir/C_/src/pico-sdk/src/rp2_common/hardware_gpio/gpio.c.obj
                0x200002ec                gpio_remove_raw_irq_handler_masked
 .text.gpio_init
                0x2000030c       0x3c CMakeFiles/_0_introduction.dir/C_/src/pico-sdk/src/rp2_common/hardware_gpio/gpio.c.obj
                0x2000030c                gpio_init
 .text.hw_claim_lock
                0x20000348       0x18 CMakeFiles/_0_introduction.dir/C_/src/pico-sdk/src/rp2_common/hardware_claim/claim.c.obj
                0x20000348                hw_claim_lock
 .text.hw_claim_unlock
                0x20000360       0x14 CMakeFiles/_0_introduction.dir/C_/src/pico-sdk/src/rp2_common/hardware_claim/claim.c.obj
                0x20000360                hw_claim_unlock
 .text.hw_claim_or_assert
                0x20000374       0x44 CMakeFiles/_0_introduction.dir/C_/src/pico-sdk/src/rp2_common/hardware_claim/claim.c.obj
                0x20000374                hw_claim_or_assert
 .text.hw_claim_unused_from_range
                0x200003b8       0x9c CMakeFiles/_0_introduction.dir/C_/src/pico-sdk/src/rp2_common/hardware_claim/claim.c.obj
                0x200003b8                hw_claim_unused_from_range
 .text.hw_claim_clear
                0x20000454       0x38 CMakeFiles/_0_introduction.dir/C_/src/pico-sdk/src/rp2_common/hardware_claim/claim.c.obj
                0x20000454                hw_claim_clear
 .text.running_on_fpga
                0x2000048c       0x10 CMakeFiles/_0_introduction.dir/C_/src/pico-sdk/src/rp2_common/pico_platform/platform.c.obj
                0x2000048c                running_on_fpga
 .text.spin_locks_reset
                0x2000049c       0x1c CMakeFiles/_0_introduction.dir/C_/src/pico-sdk/src/rp2_common/hardware_sync/sync.c.obj
                0x2000049c                spin_locks_reset
 .text.next_striped_spin_lock_num
                0x200004b8       0x18 CMakeFiles/_0_introduction.dir/C_/src/pico-sdk/src/rp2_common/hardware_sync/sync.c.obj
                0x200004b8                next_striped_spin_lock_num
 .text.spin_lock_claim_unused
                0x200004d0       0x20 CMakeFiles/_0_introduction.dir/C_/src/pico-sdk/src/rp2_common/hardware_sync/sync.c.obj
                0x200004d0                spin_lock_claim_unused
 .text.irq_set_enabled
                0x200004f0       0x24 CMakeFiles/_0_introduction.dir/C_/src/pico-sdk/src/rp2_common/hardware_irq/irq.c.obj
                0x200004f0                irq_set_enabled
 .text.irq_set_pending
                0x20000514       0x10 CMakeFiles/_0_introduction.dir/C_/src/pico-sdk/src/rp2_common/hardware_irq/irq.c.obj
                0x20000514                irq_set_pending
 .text.irq_has_shared_handler
                0x20000524       0x2c CMakeFiles/_0_introduction.dir/C_/src/pico-sdk/src/rp2_common/hardware_irq/irq.c.obj
                0x20000524                irq_has_shared_handler
 .text.irq_get_vtable_handler
                0x20000550       0x10 CMakeFiles/_0_introduction.dir/C_/src/pico-sdk/src/rp2_common/hardware_irq/irq.c.obj
                0x20000550                irq_get_vtable_handler
 .text.irq_set_exclusive_handler
                0x20000560       0x54 CMakeFiles/_0_introduction.dir/C_/src/pico-sdk/src/rp2_common/hardware_irq/irq.c.obj
                0x20000560                irq_set_exclusive_handler
 .text.irq_add_shared_handler
                0x200005b4      0x1e4 CMakeFiles/_0_introduction.dir/C_/src/pico-sdk/src/rp2_common/hardware_irq/irq.c.obj
                0x200005b4                irq_add_shared_handler
 .text.irq_remove_handler
                0x20000798      0x1b4 CMakeFiles/_0_introduction.dir/C_/src/pico-sdk/src/rp2_common/hardware_irq/irq.c.obj
                0x20000798                irq_remove_handler
 .text.irq_set_priority
                0x2000094c       0x28 CMakeFiles/_0_introduction.dir/C_/src/pico-sdk/src/rp2_common/hardware_irq/irq.c.obj
                0x2000094c                irq_set_priority
 .text.irq_add_tail_to_free_list
                0x20000974       0xb4 CMakeFiles/_0_introduction.dir/C_/src/pico-sdk/src/rp2_common/hardware_irq/irq.c.obj
                0x20000974                irq_add_tail_to_free_list
 .text.irq_init_priorities
                0x20000a28       0x24 CMakeFiles/_0_introduction.dir/C_/src/pico-sdk/src/rp2_common/hardware_irq/irq.c.obj
                0x20000a28                irq_init_priorities
 .text.user_irq_unclaim
                0x20000a4c       0x1c CMakeFiles/_0_introduction.dir/C_/src/pico-sdk/src/rp2_common/hardware_irq/irq.c.obj
                0x20000a4c                user_irq_unclaim
 .text.user_irq_claim_unused
                0x20000a68       0x30 CMakeFiles/_0_introduction.dir/C_/src/pico-sdk/src/rp2_common/hardware_irq/irq.c.obj
                0x20000a68                user_irq_claim_unused
 .text.sem_init
                0x20000a98       0x20 CMakeFiles/_0_introduction.dir/C_/src/pico-sdk/src/common/pico_sync/sem.c.obj
                0x20000a98                sem_init
 .text.lock_init
                0x20000ab8       0x10 CMakeFiles/_0_introduction.dir/C_/src/pico-sdk/src/common/pico_sync/lock_core.c.obj
                0x20000ab8                lock_init
 .text.timer_pool_entry_comparator
                0x20000ac8       0x34 CMakeFiles/_0_introduction.dir/C_/src/pico-sdk/src/common/pico_time/time.c.obj
                0x20000ac8                timer_pool_entry_comparator
 .text.sleep_until_callback
                0x20000afc       0x30 CMakeFiles/_0_introduction.dir/C_/src/pico-sdk/src/common/pico_time/time.c.obj
 .text.add_alarm_under_lock.isra.0
                0x20000b2c      0x100 CMakeFiles/_0_introduction.dir/C_/src/pico-sdk/src/common/pico_time/time.c.obj
 .text.alarm_pool_alarm_callback
                0x20000c2c      0x1c8 CMakeFiles/_0_introduction.dir/C_/src/pico-sdk/src/common/pico_time/time.c.obj
 .text.alarm_pool_add_alarm_at.constprop.0
                0x20000df4      0x11c CMakeFiles/_0_introduction.dir/C_/src/pico-sdk/src/common/pico_time/time.c.obj
 .text.alarm_pool_init_default
                0x20000f10       0x64 CMakeFiles/_0_introduction.dir/C_/src/pico-sdk/src/common/pico_time/time.c.obj
                0x20000f10                alarm_pool_init_default
 .text.alarm_pool_get_default
                0x20000f74        0x8 CMakeFiles/_0_introduction.dir/C_/src/pico-sdk/src/common/pico_time/time.c.obj
                0x20000f74                alarm_pool_get_default
 .text.alarm_pool_add_alarm_at
                0x20000f7c      0x194 CMakeFiles/_0_introduction.dir/C_/src/pico-sdk/src/common/pico_time/time.c.obj
                0x20000f7c                alarm_pool_add_alarm_at
 .text.alarm_pool_cancel_alarm
                0x20001110       0x74 CMakeFiles/_0_introduction.dir/C_/src/pico-sdk/src/common/pico_time/time.c.obj
                0x20001110                alarm_pool_cancel_alarm
 .text.sleep_until
                0x20001184       0xac CMakeFiles/_0_introduction.dir/C_/src/pico-sdk/src/common/pico_time/time.c.obj
                0x20001184                sleep_until
 .text.sleep_ms
                0x20001230       0x38 CMakeFiles/_0_introduction.dir/C_/src/pico-sdk/src/common/pico_time/time.c.obj
                0x20001230                sleep_ms
 .text.best_effort_wfe_or_timeout
                0x20001268       0xd4 CMakeFiles/_0_introduction.dir/C_/src/pico-sdk/src/common/pico_time/time.c.obj
                0x20001268                best_effort_wfe_or_timeout
 .text.hardware_alarm_irq_handler
                0x2000133c       0xb8 CMakeFiles/_0_introduction.dir/C_/src/pico-sdk/src/rp2_common/hardware_timer/timer.c.obj
 .text.hardware_alarm_claim
                0x200013f4       0x18 CMakeFiles/_0_introduction.dir/C_/src/pico-sdk/src/rp2_common/hardware_timer/timer.c.obj
                0x200013f4                hardware_alarm_claim
 .text.time_us_64
                0x2000140c       0x14 CMakeFiles/_0_introduction.dir/C_/src/pico-sdk/src/rp2_common/hardware_timer/timer.c.obj
                0x2000140c                time_us_64
 .text.busy_wait_us
                0x20001420       0x54 CMakeFiles/_0_introduction.dir/C_/src/pico-sdk/src/rp2_common/hardware_timer/timer.c.obj
                0x20001420                busy_wait_us
 .text.busy_wait_until
                0x20001474       0x20 CMakeFiles/_0_introduction.dir/C_/src/pico-sdk/src/rp2_common/hardware_timer/timer.c.obj
                0x20001474                busy_wait_until
 .text.hardware_alarm_set_callback
                0x20001494       0x8c CMakeFiles/_0_introduction.dir/C_/src/pico-sdk/src/rp2_common/hardware_timer/timer.c.obj
                0x20001494                hardware_alarm_set_callback
 .text.hardware_alarm_set_target
                0x20001520       0xe0 CMakeFiles/_0_introduction.dir/C_/src/pico-sdk/src/rp2_common/hardware_timer/timer.c.obj
                0x20001520                hardware_alarm_set_target
 .text.hardware_alarm_cancel
                0x20001600       0x3c CMakeFiles/_0_introduction.dir/C_/src/pico-sdk/src/rp2_common/hardware_timer/timer.c.obj
                0x20001600                hardware_alarm_cancel
 .text.ph_merge_nodes
                0x2000163c       0x68 CMakeFiles/_0_introduction.dir/C_/src/pico-sdk/src/common/pico_util/pheap.c.obj
 .text.ph_post_alloc_init
                0x200016a4       0x3c CMakeFiles/_0_introduction.dir/C_/src/pico-sdk/src/common/pico_util/pheap.c.obj
                0x200016a4                ph_post_alloc_init
 .text.ph_merge_two_pass
                0x200016e0       0x90 CMakeFiles/_0_introduction.dir/C_/src/pico-sdk/src/common/pico_util/pheap.c.obj
                0x200016e0                ph_merge_two_pass
 .text.ph_remove_any_head
                0x20001770       0xf8 CMakeFiles/_0_introduction.dir/C_/src/pico-sdk/src/common/pico_util/pheap.c.obj
 .text.ph_remove_head
                0x20001868       0xfc CMakeFiles/_0_introduction.dir/C_/src/pico-sdk/src/common/pico_util/pheap.c.obj
                0x20001868                ph_remove_head
 .text.ph_remove_and_free_node
                0x20001964       0x7c CMakeFiles/_0_introduction.dir/C_/src/pico-sdk/src/common/pico_util/pheap.c.obj
                0x20001964                ph_remove_and_free_node
 .text.mutex_init
                0x200019e0       0x1c CMakeFiles/_0_introduction.dir/C_/src/pico-sdk/src/common/pico_sync/mutex.c.obj
                0x200019e0                mutex_init
 .text.recursive_mutex_init
                0x200019fc       0x1c CMakeFiles/_0_introduction.dir/C_/src/pico-sdk/src/common/pico_sync/mutex.c.obj
                0x200019fc                recursive_mutex_init
 .text.critical_section_init
                0x20001a18       0x20 CMakeFiles/_0_introduction.dir/C_/src/pico-sdk/src/common/pico_sync/critical_section.c.obj
                0x20001a18                critical_section_init
 .text.uart_init
                0x20001a38       0xe0 CMakeFiles/_0_introduction.dir/C_/src/pico-sdk/src/rp2_common/hardware_uart/uart.c.obj
                0x20001a38                uart_init
 .text.runtime_init
                0x20001b18       0xf0 CMakeFiles/_0_introduction.dir/C_/src/pico-sdk/src/rp2_common/pico_runtime/runtime.c.obj
                0x20001b18                runtime_init
 .text.exit     0x20001c08        0x4 CMakeFiles/_0_introduction.dir/C_/src/pico-sdk/src/rp2_common/pico_runtime/runtime.c.obj
                0x20001c08                exit
 .text.panic    0x20001c0c       0x30 CMakeFiles/_0_introduction.dir/C_/src/pico-sdk/src/rp2_common/pico_runtime/runtime.c.obj
                0x20001c0c                panic
 .text.hard_assertion_failure
                0x20001c3c        0xc CMakeFiles/_0_introduction.dir/C_/src/pico-sdk/src/rp2_common/pico_runtime/runtime.c.obj
                0x20001c3c                hard_assertion_failure
 .text.clocks_init
                0x20001c48      0x2bc CMakeFiles/_0_introduction.dir/C_/src/pico-sdk/src/rp2_common/hardware_clocks/clocks.c.obj
                0x20001c48                clocks_init
 .text.clock_get_hz
                0x20001f04        0xc CMakeFiles/_0_introduction.dir/C_/src/pico-sdk/src/rp2_common/hardware_clocks/clocks.c.obj
                0x20001f04                clock_get_hz
 .text.pll_init
                0x20001f10       0xb0 CMakeFiles/_0_introduction.dir/C_/src/pico-sdk/src/rp2_common/hardware_pll/pll.c.obj
                0x20001f10                pll_init
 .text.watchdog_start_tick
                0x20001fc0       0x10 CMakeFiles/_0_introduction.dir/C_/src/pico-sdk/src/rp2_common/hardware_watchdog/watchdog.c.obj
                0x20001fc0                watchdog_start_tick
 .text.watchdog_reboot
                0x20001fd0       0x98 CMakeFiles/_0_introduction.dir/C_/src/pico-sdk/src/rp2_common/hardware_watchdog/watchdog.c.obj
                0x20001fd0                watchdog_reboot
 .text.xosc_init
                0x20002068       0x28 CMakeFiles/_0_introduction.dir/C_/src/pico-sdk/src/rp2_common/hardware_xosc/xosc.c.obj
                0x20002068                xosc_init
 .text._out_null
                0x20002090        0x4 CMakeFiles/_0_introduction.dir/C_/src/pico-sdk/src/rp2_common/pico_printf/printf.c.obj
 .text._out_rev
                0x20002094       0x9c CMakeFiles/_0_introduction.dir/C_/src/pico-sdk/src/rp2_common/pico_printf/printf.c.obj
 .text._ntoa_format
                0x20002130      0x1cc CMakeFiles/_0_introduction.dir/C_/src/pico-sdk/src/rp2_common/pico_printf/printf.c.obj
 .text._out_char
                0x200022fc       0x10 CMakeFiles/_0_introduction.dir/C_/src/pico-sdk/src/rp2_common/pico_printf/printf.c.obj
 .text._out_fct
                0x2000230c       0x10 CMakeFiles/_0_introduction.dir/C_/src/pico-sdk/src/rp2_common/pico_printf/printf.c.obj
 .text._etoa    0x2000231c      0x44c CMakeFiles/_0_introduction.dir/C_/src/pico-sdk/src/rp2_common/pico_printf/printf.c.obj
 .text._ftoa    0x20002768      0x398 CMakeFiles/_0_introduction.dir/C_/src/pico-sdk/src/rp2_common/pico_printf/printf.c.obj
 .text._vsnprintf
                0x20002b00      0xb04 CMakeFiles/_0_introduction.dir/C_/src/pico-sdk/src/rp2_common/pico_printf/printf.c.obj
 .text.vfctprintf
                0x20003604       0x20 CMakeFiles/_0_introduction.dir/C_/src/pico-sdk/src/rp2_common/pico_printf/printf.c.obj
                0x20003604                vfctprintf
 .text.weak_raw_vprintf
                0x20003624       0x30 CMakeFiles/_0_introduction.dir/C_/src/pico-sdk/src/rp2_common/pico_printf/printf.c.obj
                0x20003624                weak_raw_vprintf
 .text          0x20003654       0x10 CMakeFiles/_0_introduction.dir/C_/src/pico-sdk/src/rp2_common/pico_bit_ops/bit_ops_aeabi.S.obj
 .text.ctzsi    0x20003664        0xc CMakeFiles/_0_introduction.dir/C_/src/pico-sdk/src/rp2_common/pico_bit_ops/bit_ops_aeabi.S.obj
                0x20003664                __wrap___ctzsi2
 .text.rom_func_lookup
                0x20003670       0x10 CMakeFiles/_0_introduction.dir/C_/src/pico-sdk/src/rp2_common/pico_bootrom/bootrom.c.obj
                0x20003670                rom_func_lookup
 .text.rom_data_lookup
                0x20003680       0x10 CMakeFiles/_0_introduction.dir/C_/src/pico-sdk/src/rp2_common/pico_bootrom/bootrom.c.obj
                0x20003680                rom_data_lookup
 .text.rom_funcs_lookup
                0x20003690       0x44 CMakeFiles/_0_introduction.dir/C_/src/pico-sdk/src/rp2_common/pico_bootrom/bootrom.c.obj
                0x20003690                rom_funcs_lookup
 .text.__wrap___aeabi_idiv
                0x200036d4       0x50 CMakeFiles/_0_introduction.dir/C_/src/pico-sdk/src/rp2_common/pico_divider/divider.S.obj
                0x200036d4                __wrap___aeabi_idivmod
                0x200036d4                divmod_s32s32
                0x200036d4                div_s32s32
                0x200036d4                __wrap___aeabi_idiv
                0x200036dc                divmod_s32s32_unsafe
                0x20003708                divmod_s32s32_savestate
 .text.__wrap___aeabi_uidiv
                0x20003724       0x4c CMakeFiles/_0_introduction.dir/C_/src/pico-sdk/src/rp2_common/pico_divider/divider.S.obj
                0x20003724                __wrap___aeabi_uidiv
                0x20003724                __wrap___aeabi_uidivmod
                0x20003724                div_u32u32
                0x20003724                divmod_u32u32
                0x2000372c                divmod_u32u32_unsafe
                0x20003754                divmod_u32u32_savestate
 .text.__wrap___aeabi_ldiv
                0x20003770      0x434 CMakeFiles/_0_introduction.dir/C_/src/pico-sdk/src/rp2_common/pico_divider/divider.S.obj
                0x20003770                div_s64s64
                0x20003770                divmod_s64s64
                0x20003770                __wrap___aeabi_ldivmod
                0x200037a8                divmod_u64u64
                0x200037a8                div_u64u64
                0x200037a8                __wrap___aeabi_uldivmod
                0x200037b8                divmod_u64u64_savestate
                0x200037e0                divmod_s64s64_unsafe
                0x20003868                divmod_u64u64_unsafe
 .text.__wrap___aeabi_darithmetic
                0x20003ba4       0x60 CMakeFiles/_0_introduction.dir/C_/src/pico-sdk/src/rp2_common/pico_double/double_aeabi.S.obj
                0x20003ba4                __wrap___aeabi_drsub
                0x20003baa                __wrap___aeabi_dsub
                0x20003bb4                __wrap___aeabi_dadd
                0x20003bbe                __wrap___aeabi_ddiv
                0x20003bf2                __wrap___aeabi_dmul
 .text.__wrap___aeabi_cdcmple
                0x20003c04       0x6c CMakeFiles/_0_introduction.dir/C_/src/pico-sdk/src/rp2_common/pico_double/double_aeabi.S.obj
                0x20003c04                __wrap___aeabi_cdrcmple
                0x20003c14                __wrap___aeabi_cdcmpeq
                0x20003c14                __wrap___aeabi_cdcmple
 .text.__wrap___aeabi_dcmplt
                0x20003c70        0xc CMakeFiles/_0_introduction.dir/C_/src/pico-sdk/src/rp2_common/pico_double/double_aeabi.S.obj
                0x20003c70                __wrap___aeabi_dcmplt
 .text.__wrap___aeabi_dcmple
                0x20003c7c       0x10 CMakeFiles/_0_introduction.dir/C_/src/pico-sdk/src/rp2_common/pico_double/double_aeabi.S.obj
                0x20003c7c                __wrap___aeabi_dcmple
 .text.__wrap___aeabi_dcmpge
                0x20003c8c       0x10 CMakeFiles/_0_introduction.dir/C_/src/pico-sdk/src/rp2_common/pico_double/double_aeabi.S.obj
                0x20003c8c                __wrap___aeabi_dcmpge
 .text.__wrap___aeabi_dcmpgt
                0x20003c9c        0xa CMakeFiles/_0_introduction.dir/C_/src/pico-sdk/src/rp2_common/pico_double/double_aeabi.S.obj
                0x20003c9c                __wrap___aeabi_dcmpgt
 .text.__wrap___aeabi_dcmpun
                0x20003ca6       0x1c CMakeFiles/_0_introduction.dir/C_/src/pico-sdk/src/rp2_common/pico_double/double_aeabi.S.obj
                0x20003ca6                __wrap___aeabi_dcmpun
 *fill*         0x20003cc2        0x2 
 .text.__wrap___aeabi_i2d
                0x20003cc4       0x38 CMakeFiles/_0_introduction.dir/C_/src/pico-sdk/src/rp2_common/pico_double/double_aeabi.S.obj
                0x20003cc4                __wrap___aeabi_ui2d
                0x20003ccc                __wrap___aeabi_i2d
 .text.__wrap___aeabi_d2iz
                0x20003cfc       0x48 CMakeFiles/_0_introduction.dir/C_/src/pico-sdk/src/rp2_common/pico_double/double_aeabi.S.obj
                0x20003cfc                double2int_z
                0x20003cfc                __wrap___aeabi_d2iz
 .text.__wrap___aeabi_d2uiz
                0x20003d44       0x10 CMakeFiles/_0_introduction.dir/C_/src/pico-sdk/src/rp2_common/pico_double/double_aeabi.S.obj
                0x20003d44                __wrap___aeabi_d2uiz
                0x20003d44                double2uint
 .text.missing_double_func_shim
                0x20003d54        0xc CMakeFiles/_0_introduction.dir/C_/src/pico-sdk/src/rp2_common/pico_double/double_init_rom.c.obj
 .text.__aeabi_double_init
                0x20003d60       0x98 CMakeFiles/_0_introduction.dir/C_/src/pico-sdk/src/rp2_common/pico_double/double_init_rom.c.obj
                0x20003d60                __aeabi_double_init
 .text.double_table_shim_on_use_helper
                0x20003df8       0x2c CMakeFiles/_0_introduction.dir/C_/src/pico-sdk/src/rp2_common/pico_double/double_v1_rom_shim.S.obj
                0x20003df8                double_table_shim_on_use_helper
 .text.__aeabi_lmul
                0x20003e24       0x32 CMakeFiles/_0_introduction.dir/C_/src/pico-sdk/src/rp2_common/pico_int64_ops/pico_int64_ops_aeabi.S.obj
                0x20003e24                __wrap___aeabi_lmul
 *fill*         0x20003e56        0x2 
 .text.missing_float_func_shim
                0x20003e58        0xc CMakeFiles/_0_introduction.dir/C_/src/pico-sdk/src/rp2_common/pico_float/float_init_rom.c.obj
 .text.__aeabi_float_init
                0x20003e64       0x5c CMakeFiles/_0_introduction.dir/C_/src/pico-sdk/src/rp2_common/pico_float/float_init_rom.c.obj
                0x20003e64                __aeabi_float_init
 .text          0x20003ec0       0x10 CMakeFiles/_0_introduction.dir/C_/src/pico-sdk/src/rp2_common/pico_mem_ops/mem_ops_aeabi.S.obj
                0x20003ec0                __aeabi_mem_init
 .text.memset   0x20003ed0        0xc CMakeFiles/_0_introduction.dir/C_/src/pico-sdk/src/rp2_common/pico_mem_ops/mem_ops_aeabi.S.obj
                0x20003ed0                __wrap_memset
 .text.memcpy   0x20003edc        0xc CMakeFiles/_0_introduction.dir/C_/src/pico-sdk/src/rp2_common/pico_mem_ops/mem_ops_aeabi.S.obj
                0x20003edc                __wrap_memcpy
                0x20003edc                __wrap___aeabi_memcpy
 .text.stdio_out_chars_no_crlf
                0x20003ee8       0x10 CMakeFiles/_0_introduction.dir/C_/src/pico-sdk/src/rp2_common/pico_stdio/stdio.c.obj
 .text.stdio_out_chars_crlf
                0x20003ef8       0xb4 CMakeFiles/_0_introduction.dir/C_/src/pico-sdk/src/rp2_common/pico_stdio/stdio.c.obj
 .text.stdio_buffered_printer
                0x20003fac       0x64 CMakeFiles/_0_introduction.dir/C_/src/pico-sdk/src/rp2_common/pico_stdio/stdio.c.obj
 .text.stdio_put_string.isra.0
                0x20004010       0xfc CMakeFiles/_0_introduction.dir/C_/src/pico-sdk/src/rp2_common/pico_stdio/stdio.c.obj
 .text.__wrap_putchar
                0x2000410c       0xa0 CMakeFiles/_0_introduction.dir/C_/src/pico-sdk/src/rp2_common/pico_stdio/stdio.c.obj
                0x2000410c                __wrap_putchar
 .text.__wrap_puts
                0x200041ac       0x3c CMakeFiles/_0_introduction.dir/C_/src/pico-sdk/src/rp2_common/pico_stdio/stdio.c.obj
                0x200041ac                __wrap_puts
 .text.stdio_set_driver_enabled
                0x200041e8       0x30 CMakeFiles/_0_introduction.dir/C_/src/pico-sdk/src/rp2_common/pico_stdio/stdio.c.obj
                0x200041e8                stdio_set_driver_enabled
 .text.__wrap_vprintf
                0x20004218       0xd8 CMakeFiles/_0_introduction.dir/C_/src/pico-sdk/src/rp2_common/pico_stdio/stdio.c.obj
                0x20004218                __wrap_vprintf
 .text.__wrap_printf
                0x200042f0       0x18 CMakeFiles/_0_introduction.dir/C_/src/pico-sdk/src/rp2_common/pico_stdio/stdio.c.obj
                0x200042f0                __wrap_printf
 .text.stdio_init_all
                0x20004308        0x8 CMakeFiles/_0_introduction.dir/C_/src/pico-sdk/src/rp2_common/pico_stdio/stdio.c.obj
                0x20004308                stdio_init_all
 .text.resetd_init
                0x20004310        0x4 CMakeFiles/_0_introduction.dir/C_/src/pico-sdk/src/rp2_common/pico_stdio_usb/reset_interface.c.obj
 .text.resetd_reset
                0x20004314        0xc CMakeFiles/_0_introduction.dir/C_/src/pico-sdk/src/rp2_common/pico_stdio_usb/reset_interface.c.obj
 .text.resetd_open
                0x20004320       0x28 CMakeFiles/_0_introduction.dir/C_/src/pico-sdk/src/rp2_common/pico_stdio_usb/reset_interface.c.obj
 .text.resetd_xfer_cb
                0x20004348        0x4 CMakeFiles/_0_introduction.dir/C_/src/pico-sdk/src/rp2_common/pico_stdio_usb/reset_interface.c.obj
 .text.resetd_control_xfer_cb
                0x2000434c       0x64 CMakeFiles/_0_introduction.dir/C_/src/pico-sdk/src/rp2_common/pico_stdio_usb/reset_interface.c.obj
 .text.usbd_app_driver_get_cb
                0x200043b0        0xc CMakeFiles/_0_introduction.dir/C_/src/pico-sdk/src/rp2_common/pico_stdio_usb/reset_interface.c.obj
                0x200043b0                usbd_app_driver_get_cb
 .text.tud_cdc_line_coding_cb
                0x200043bc       0x34 CMakeFiles/_0_introduction.dir/C_/src/pico-sdk/src/rp2_common/pico_stdio_usb/reset_interface.c.obj
                0x200043bc                tud_cdc_line_coding_cb
 .text.stdio_usb_in_chars
                0x200043f0       0x68 CMakeFiles/_0_introduction.dir/C_/src/pico-sdk/src/rp2_common/pico_stdio_usb/stdio_usb.c.obj
                0x200043f0                stdio_usb_in_chars
 .text.stdio_usb_out_chars
                0x20004458       0xe4 CMakeFiles/_0_introduction.dir/C_/src/pico-sdk/src/rp2_common/pico_stdio_usb/stdio_usb.c.obj
 .text.timer_task
                0x2000453c       0x18 CMakeFiles/_0_introduction.dir/C_/src/pico-sdk/src/rp2_common/pico_stdio_usb/stdio_usb.c.obj
 .text.usb_irq  0x20004554       0x10 CMakeFiles/_0_introduction.dir/C_/src/pico-sdk/src/rp2_common/pico_stdio_usb/stdio_usb.c.obj
 .text.low_priority_worker_irq
                0x20004564       0x24 CMakeFiles/_0_introduction.dir/C_/src/pico-sdk/src/rp2_common/pico_stdio_usb/stdio_usb.c.obj
 .text.stdio_usb_init
                0x20004588       0xb0 CMakeFiles/_0_introduction.dir/C_/src/pico-sdk/src/rp2_common/pico_stdio_usb/stdio_usb.c.obj
                0x20004588                stdio_usb_init
 .text.tud_descriptor_device_cb
                0x20004638        0x8 CMakeFiles/_0_introduction.dir/C_/src/pico-sdk/src/rp2_common/pico_stdio_usb/stdio_usb_descriptors.c.obj
                0x20004638                tud_descriptor_device_cb
 .text.tud_descriptor_configuration_cb
                0x20004640        0x8 CMakeFiles/_0_introduction.dir/C_/src/pico-sdk/src/rp2_common/pico_stdio_usb/stdio_usb_descriptors.c.obj
                0x20004640                tud_descriptor_configuration_cb
 .text.tud_descriptor_string_cb
                0x20004648       0x74 CMakeFiles/_0_introduction.dir/C_/src/pico-sdk/src/rp2_common/pico_stdio_usb/stdio_usb_descriptors.c.obj
                0x20004648                tud_descriptor_string_cb
 .text.dcd_rp2040_irq
                0x200046bc      0x21c CMakeFiles/_0_introduction.dir/C_/src/pico-sdk/lib/tinyusb/src/portable/raspberrypi/rp2040/dcd_rp2040.c.obj
 .text.dcd_int_enable
                0x200048d8        0xc CMakeFiles/_0_introduction.dir/C_/src/pico-sdk/lib/tinyusb/src/portable/raspberrypi/rp2040/dcd_rp2040.c.obj
                0x200048d8                dcd_int_enable
 .text.dcd_set_address
                0x200048e4       0x14 CMakeFiles/_0_introduction.dir/C_/src/pico-sdk/lib/tinyusb/src/portable/raspberrypi/rp2040/dcd_rp2040.c.obj
                0x200048e4                dcd_set_address
 .text.dcd_connect
                0x200048f8       0x10 CMakeFiles/_0_introduction.dir/C_/src/pico-sdk/lib/tinyusb/src/portable/raspberrypi/rp2040/dcd_rp2040.c.obj
                0x200048f8                dcd_connect
 .text.dcd_init
                0x20004908      0x144 CMakeFiles/_0_introduction.dir/C_/src/pico-sdk/lib/tinyusb/src/portable/raspberrypi/rp2040/dcd_rp2040.c.obj
                0x20004908                dcd_init
 .text.dcd_edpt0_status_complete
                0x20004a4c       0x1c CMakeFiles/_0_introduction.dir/C_/src/pico-sdk/lib/tinyusb/src/portable/raspberrypi/rp2040/dcd_rp2040.c.obj
                0x20004a4c                dcd_edpt0_status_complete
 .text.dcd_edpt_open
                0x20004a68       0xf0 CMakeFiles/_0_introduction.dir/C_/src/pico-sdk/lib/tinyusb/src/portable/raspberrypi/rp2040/dcd_rp2040.c.obj
                0x20004a68                dcd_edpt_open
 .text.dcd_edpt_close_all
                0x20004b58       0xbc CMakeFiles/_0_introduction.dir/C_/src/pico-sdk/lib/tinyusb/src/portable/raspberrypi/rp2040/dcd_rp2040.c.obj
                0x20004b58                dcd_edpt_close_all
 .text.dcd_edpt_xfer
                0x20004c14       0x24 CMakeFiles/_0_introduction.dir/C_/src/pico-sdk/lib/tinyusb/src/portable/raspberrypi/rp2040/dcd_rp2040.c.obj
                0x20004c14                dcd_edpt_xfer
 .text.dcd_edpt_stall
                0x20004c38       0x38 CMakeFiles/_0_introduction.dir/C_/src/pico-sdk/lib/tinyusb/src/portable/raspberrypi/rp2040/dcd_rp2040.c.obj
                0x20004c38                dcd_edpt_stall
 .text.dcd_edpt_clear_stall
                0x20004c70       0x30 CMakeFiles/_0_introduction.dir/C_/src/pico-sdk/lib/tinyusb/src/portable/raspberrypi/rp2040/dcd_rp2040.c.obj
                0x20004c70                dcd_edpt_clear_stall
 .text._hw_endpoint_buffer_control_update32.part.0.isra.0
                0x20004ca0       0x1c CMakeFiles/_0_introduction.dir/C_/src/pico-sdk/lib/tinyusb/src/portable/raspberrypi/rp2040/rp2040_usb.c.obj
 .text.rp2040_usb_init
                0x20004cbc       0x4c CMakeFiles/_0_introduction.dir/C_/src/pico-sdk/lib/tinyusb/src/portable/raspberrypi/rp2040/rp2040_usb.c.obj
                0x20004cbc                rp2040_usb_init
 .text.hw_endpoint_reset_transfer
                0x20004d08        0xc CMakeFiles/_0_introduction.dir/C_/src/pico-sdk/lib/tinyusb/src/portable/raspberrypi/rp2040/rp2040_usb.c.obj
                0x20004d08                hw_endpoint_reset_transfer
 .text._hw_endpoint_buffer_control_update32
                0x20004d14       0x44 CMakeFiles/_0_introduction.dir/C_/src/pico-sdk/lib/tinyusb/src/portable/raspberrypi/rp2040/rp2040_usb.c.obj
                0x20004d14                _hw_endpoint_buffer_control_update32
 .text.hw_endpoint_xfer_start
                0x20004d58      0x138 CMakeFiles/_0_introduction.dir/C_/src/pico-sdk/lib/tinyusb/src/portable/raspberrypi/rp2040/rp2040_usb.c.obj
                0x20004d58                hw_endpoint_xfer_start
 .text.hw_endpoint_xfer_continue
                0x20004e90      0x1e4 CMakeFiles/_0_introduction.dir/C_/src/pico-sdk/lib/tinyusb/src/portable/raspberrypi/rp2040/rp2040_usb.c.obj
                0x20004e90                hw_endpoint_xfer_continue
 .text.tud_mounted
                0x20005074       0x10 CMakeFiles/_0_introduction.dir/C_/src/pico-sdk/lib/tinyusb/src/device/usbd.c.obj
                0x20005074                tud_mounted
 .text.tud_suspended
                0x20005084       0x10 CMakeFiles/_0_introduction.dir/C_/src/pico-sdk/lib/tinyusb/src/device/usbd.c.obj
                0x20005084                tud_suspended
 .text.tud_inited
                0x20005094        0xc CMakeFiles/_0_introduction.dir/C_/src/pico-sdk/lib/tinyusb/src/device/usbd.c.obj
                0x20005094                tud_inited
 .text.tud_init
                0x200050a0       0xd8 CMakeFiles/_0_introduction.dir/C_/src/pico-sdk/lib/tinyusb/src/device/usbd.c.obj
                0x200050a0                tud_init
 .text.tud_task
                0x20005178      0x8ec CMakeFiles/_0_introduction.dir/C_/src/pico-sdk/lib/tinyusb/src/device/usbd.c.obj
                0x20005178                tud_task
 .text.dcd_event_bus_signal
                0x20005a64      0x120 CMakeFiles/_0_introduction.dir/C_/src/pico-sdk/lib/tinyusb/src/device/usbd.c.obj
                0x20005a64                dcd_event_bus_signal
 .text.dcd_event_bus_reset
                0x20005b84       0x54 CMakeFiles/_0_introduction.dir/C_/src/pico-sdk/lib/tinyusb/src/device/usbd.c.obj
                0x20005b84                dcd_event_bus_reset
 .text.dcd_event_setup_received
                0x20005bd8       0x50 CMakeFiles/_0_introduction.dir/C_/src/pico-sdk/lib/tinyusb/src/device/usbd.c.obj
                0x20005bd8                dcd_event_setup_received
 .text.dcd_event_xfer_complete
                0x20005c28       0x68 CMakeFiles/_0_introduction.dir/C_/src/pico-sdk/lib/tinyusb/src/device/usbd.c.obj
                0x20005c28                dcd_event_xfer_complete
 .text.usbd_open_edpt_pair
                0x20005c90       0x80 CMakeFiles/_0_introduction.dir/C_/src/pico-sdk/lib/tinyusb/src/device/usbd.c.obj
                0x20005c90                usbd_open_edpt_pair
 .text.usbd_edpt_open
                0x20005d10       0x30 CMakeFiles/_0_introduction.dir/C_/src/pico-sdk/lib/tinyusb/src/device/usbd.c.obj
                0x20005d10                usbd_edpt_open
 .text.usbd_edpt_claim
                0x20005d40       0x64 CMakeFiles/_0_introduction.dir/C_/src/pico-sdk/lib/tinyusb/src/device/usbd.c.obj
                0x20005d40                usbd_edpt_claim
 .text.usbd_edpt_release
                0x20005da4       0x4c CMakeFiles/_0_introduction.dir/C_/src/pico-sdk/lib/tinyusb/src/device/usbd.c.obj
                0x20005da4                usbd_edpt_release
 .text.usbd_edpt_xfer
                0x20005df0       0x48 CMakeFiles/_0_introduction.dir/C_/src/pico-sdk/lib/tinyusb/src/device/usbd.c.obj
                0x20005df0                usbd_edpt_xfer
 .text.tud_control_status
                0x20005e38       0x30 CMakeFiles/_0_introduction.dir/C_/src/pico-sdk/lib/tinyusb/src/device/usbd_control.c.obj
                0x20005e38                tud_control_status
 .text.tud_control_xfer
                0x20005e68       0xbc CMakeFiles/_0_introduction.dir/C_/src/pico-sdk/lib/tinyusb/src/device/usbd_control.c.obj
                0x20005e68                tud_control_xfer
 .text.usbd_control_reset
                0x20005f24       0x14 CMakeFiles/_0_introduction.dir/C_/src/pico-sdk/lib/tinyusb/src/device/usbd_control.c.obj
                0x20005f24                usbd_control_reset
 .text.usbd_control_set_complete_callback
                0x20005f38        0xc CMakeFiles/_0_introduction.dir/C_/src/pico-sdk/lib/tinyusb/src/device/usbd_control.c.obj
                0x20005f38                usbd_control_set_complete_callback
 .text.usbd_control_set_request
                0x20005f44       0x1c CMakeFiles/_0_introduction.dir/C_/src/pico-sdk/lib/tinyusb/src/device/usbd_control.c.obj
                0x20005f44                usbd_control_set_request
 .text.usbd_control_xfer_cb
                0x20005f60       0xfc CMakeFiles/_0_introduction.dir/C_/src/pico-sdk/lib/tinyusb/src/device/usbd_control.c.obj
                0x20005f60                usbd_control_xfer_cb
 .text.tud_cdc_n_connected
                0x2000605c       0x30 CMakeFiles/_0_introduction.dir/C_/src/pico-sdk/lib/tinyusb/src/class/cdc/cdc_device.c.obj
                0x2000605c                tud_cdc_n_connected
 .text.tud_cdc_n_available
                0x2000608c       0x18 CMakeFiles/_0_introduction.dir/C_/src/pico-sdk/lib/tinyusb/src/class/cdc/cdc_device.c.obj
                0x2000608c                tud_cdc_n_available
 .text.tud_cdc_n_read
                0x200060a4       0x70 CMakeFiles/_0_introduction.dir/C_/src/pico-sdk/lib/tinyusb/src/class/cdc/cdc_device.c.obj
                0x200060a4                tud_cdc_n_read
 .text.tud_cdc_n_write_flush
                0x20006114       0x78 CMakeFiles/_0_introduction.dir/C_/src/pico-sdk/lib/tinyusb/src/class/cdc/cdc_device.c.obj
                0x20006114                tud_cdc_n_write_flush
 .text.tud_cdc_n_write
                0x2000618c       0x34 CMakeFiles/_0_introduction.dir/C_/src/pico-sdk/lib/tinyusb/src/class/cdc/cdc_device.c.obj
                0x2000618c                tud_cdc_n_write
 .text.tud_cdc_n_write_available
                0x200061c0       0x18 CMakeFiles/_0_introduction.dir/C_/src/pico-sdk/lib/tinyusb/src/class/cdc/cdc_device.c.obj
                0x200061c0                tud_cdc_n_write_available
 .text.cdcd_init
                0x200061d8       0x7c CMakeFiles/_0_introduction.dir/C_/src/pico-sdk/lib/tinyusb/src/class/cdc/cdc_device.c.obj
                0x200061d8                cdcd_init
 .text.cdcd_reset
                0x20006254       0x2c CMakeFiles/_0_introduction.dir/C_/src/pico-sdk/lib/tinyusb/src/class/cdc/cdc_device.c.obj
                0x20006254                cdcd_reset
 .text.cdcd_open
                0x20006280       0xe4 CMakeFiles/_0_introduction.dir/C_/src/pico-sdk/lib/tinyusb/src/class/cdc/cdc_device.c.obj
                0x20006280                cdcd_open
 .text.cdcd_control_xfer_cb
                0x20006364       0xe4 CMakeFiles/_0_introduction.dir/C_/src/pico-sdk/lib/tinyusb/src/class/cdc/cdc_device.c.obj
                0x20006364                cdcd_control_xfer_cb
 .text.cdcd_xfer_cb
                0x20006448      0x148 CMakeFiles/_0_introduction.dir/C_/src/pico-sdk/lib/tinyusb/src/class/cdc/cdc_device.c.obj
                0x20006448                cdcd_xfer_cb
 .text.tusb_init
                0x20006590        0xc CMakeFiles/_0_introduction.dir/C_/src/pico-sdk/lib/tinyusb/src/tusb.c.obj
                0x20006590                tusb_init
 .text.tusb_inited
                0x2000659c        0x8 CMakeFiles/_0_introduction.dir/C_/src/pico-sdk/lib/tinyusb/src/tusb.c.obj
                0x2000659c                tusb_inited
 .text.tu_edpt_validate
                0x200065a4       0x78 CMakeFiles/_0_introduction.dir/C_/src/pico-sdk/lib/tinyusb/src/tusb.c.obj
                0x200065a4                tu_edpt_validate
 .text.tu_edpt_bind_driver
                0x2000661c       0x2c CMakeFiles/_0_introduction.dir/C_/src/pico-sdk/lib/tinyusb/src/tusb.c.obj
                0x2000661c                tu_edpt_bind_driver
 .text.tu_fifo_config
                0x20006648       0x78 CMakeFiles/_0_introduction.dir/C_/src/pico-sdk/lib/tinyusb/src/common/tusb_fifo.c.obj
                0x20006648                tu_fifo_config
 .text.tu_fifo_count
                0x200066c0       0x20 CMakeFiles/_0_introduction.dir/C_/src/pico-sdk/lib/tinyusb/src/common/tusb_fifo.c.obj
                0x200066c0                tu_fifo_count
 .text.tu_fifo_empty
                0x200066e0       0x10 CMakeFiles/_0_introduction.dir/C_/src/pico-sdk/lib/tinyusb/src/common/tusb_fifo.c.obj
                0x200066e0                tu_fifo_empty
 .text.tu_fifo_remaining
                0x200066f0       0x1c CMakeFiles/_0_introduction.dir/C_/src/pico-sdk/lib/tinyusb/src/common/tusb_fifo.c.obj
                0x200066f0                tu_fifo_remaining
 .text.tu_fifo_read
                0x2000670c       0x9c CMakeFiles/_0_introduction.dir/C_/src/pico-sdk/lib/tinyusb/src/common/tusb_fifo.c.obj
                0x2000670c                tu_fifo_read
 .text.tu_fifo_read_n
                0x200067a8      0x100 CMakeFiles/_0_introduction.dir/C_/src/pico-sdk/lib/tinyusb/src/common/tusb_fifo.c.obj
                0x200067a8                tu_fifo_read_n
 .text.tu_fifo_write
                0x200068a8       0x7c CMakeFiles/_0_introduction.dir/C_/src/pico-sdk/lib/tinyusb/src/common/tusb_fifo.c.obj
                0x200068a8                tu_fifo_write
 .text.tu_fifo_write_n
                0x20006924      0x100 CMakeFiles/_0_introduction.dir/C_/src/pico-sdk/lib/tinyusb/src/common/tusb_fifo.c.obj
                0x20006924                tu_fifo_write_n
 .text.tu_fifo_clear
                0x20006a24       0x4c CMakeFiles/_0_introduction.dir/C_/src/pico-sdk/lib/tinyusb/src/common/tusb_fifo.c.obj
                0x20006a24                tu_fifo_clear
 .text.tu_fifo_set_overwritable
                0x20006a70       0x3c CMakeFiles/_0_introduction.dir/C_/src/pico-sdk/lib/tinyusb/src/common/tusb_fifo.c.obj
                0x20006a70                tu_fifo_set_overwritable
 .text.startup._retrieve_unique_id_on_boot
                0x20006aac       0x10 CMakeFiles/_0_introduction.dir/C_/src/pico-sdk/src/rp2_common/pico_unique_id/unique_id.c.obj
 .text.pico_get_unique_board_id
                0x20006abc       0x10 CMakeFiles/_0_introduction.dir/C_/src/pico-sdk/src/rp2_common/pico_unique_id/unique_id.c.obj
                0x20006abc                pico_get_unique_board_id
 .text.pico_get_unique_board_id_string
                0x20006acc      0x1a8 CMakeFiles/_0_introduction.dir/C_/src/pico-sdk/src/rp2_common/pico_unique_id/unique_id.c.obj
                0x20006acc                pico_get_unique_board_id_string
 .text.flash_get_unique_id
                0x20006c74       0x40 CMakeFiles/_0_introduction.dir/C_/src/pico-sdk/src/rp2_common/hardware_flash/flash.c.obj
                0x20006c74                flash_get_unique_id
 .text.startup.boot_double_tap_check
                0x20006cb4       0x60 CMakeFiles/_0_introduction.dir/C_/src/pico-sdk/src/rp2_common/pico_bootsel_via_double_reset/pico_bootsel_via_double_reset.c.obj
 .text.cyw43_hal_generate_laa_mac
                0x20006d14       0x28 CMakeFiles/_0_introduction.dir/C_/src/pico-sdk/src/rp2_common/pico_cyw43_arch/cyw43_arch.c.obj
                0x20006d14                cyw43_hal_generate_laa_mac
 .text.cyw43_arch_gpio_put
                0x20006d3c       0x14 CMakeFiles/_0_introduction.dir/C_/src/pico-sdk/src/rp2_common/pico_cyw43_arch/cyw43_arch.c.obj
                0x20006d3c                cyw43_arch_gpio_put
 .text.low_priority_irq_handler
                0x20006d50       0x4c CMakeFiles/_0_introduction.dir/C_/src/pico-sdk/src/rp2_common/pico_cyw43_arch/cyw43_arch_threadsafe_background.c.obj
 .text.periodic_worker
                0x20006d9c       0x6c CMakeFiles/_0_introduction.dir/C_/src/pico-sdk/src/rp2_common/pico_cyw43_arch/cyw43_arch_threadsafe_background.c.obj
 .text.periodic_alarm_handler
                0x20006e08       0x58 CMakeFiles/_0_introduction.dir/C_/src/pico-sdk/src/rp2_common/pico_cyw43_arch/cyw43_arch_threadsafe_background.c.obj
 .text.gpio_irq_handler
                0x20006e60       0x90 CMakeFiles/_0_introduction.dir/C_/src/pico-sdk/src/rp2_common/pico_cyw43_arch/cyw43_arch_threadsafe_background.c.obj
 .text.cyw43_await_background_or_timeout_us
                0x20006ef0       0x1c CMakeFiles/_0_introduction.dir/C_/src/pico-sdk/src/rp2_common/pico_cyw43_arch/cyw43_arch_threadsafe_background.c.obj
                0x20006ef0                cyw43_await_background_or_timeout_us
 .text.cyw43_arch_init
                0x20006f0c      0x130 CMakeFiles/_0_introduction.dir/C_/src/pico-sdk/src/rp2_common/pico_cyw43_arch/cyw43_arch_threadsafe_background.c.obj
                0x20006f0c                cyw43_arch_init
 .text.cyw43_post_poll_hook
                0x2000703c       0x10 CMakeFiles/_0_introduction.dir/C_/src/pico-sdk/src/rp2_common/pico_cyw43_arch/cyw43_arch_threadsafe_background.c.obj
                0x2000703c                cyw43_post_poll_hook
 .text.cyw43_schedule_internal_poll_dispatch
                0x2000704c       0x4c CMakeFiles/_0_introduction.dir/C_/src/pico-sdk/src/rp2_common/pico_cyw43_arch/cyw43_arch_threadsafe_background.c.obj
                0x2000704c                cyw43_schedule_internal_poll_dispatch
 .text.cyw43_thread_enter
                0x20007098       0x10 CMakeFiles/_0_introduction.dir/C_/src/pico-sdk/src/rp2_common/pico_cyw43_arch/cyw43_arch_threadsafe_background.c.obj
                0x20007098                cyw43_thread_enter
 .text.cyw43_thread_exit
                0x200070a8       0x6c CMakeFiles/_0_introduction.dir/C_/src/pico-sdk/src/rp2_common/pico_cyw43_arch/cyw43_arch_threadsafe_background.c.obj
                0x200070a8                cyw43_thread_exit
 .text.cyw43_delay_ms
                0x20007114       0x50 CMakeFiles/_0_introduction.dir/C_/src/pico-sdk/src/rp2_common/pico_cyw43_arch/cyw43_arch_threadsafe_background.c.obj
                0x20007114                cyw43_delay_ms
 .text.cyw43_cb_tcpip_deinit
                0x20007164        0x4 CMakeFiles/_0_introduction.dir/C_/src/pico-sdk/src/rp2_common/pico_cyw43_arch/cyw43_arch_threadsafe_background.c.obj
                0x20007164                cyw43_cb_tcpip_deinit
 .text.cyw43_cb_tcpip_set_link_up
                0x20007168        0xc CMakeFiles/_0_introduction.dir/C_/src/pico-sdk/src/rp2_common/pico_cyw43_arch/cyw43_arch_threadsafe_background.c.obj
                0x20007168                cyw43_cb_tcpip_set_link_up
 .text.cyw43_cb_tcpip_set_link_down
                0x20007174        0xc CMakeFiles/_0_introduction.dir/C_/src/pico-sdk/src/rp2_common/pico_cyw43_arch/cyw43_arch_threadsafe_background.c.obj
                0x20007174                cyw43_cb_tcpip_set_link_down
 .text.cyw43_cb_process_ethernet
                0x20007180        0xc CMakeFiles/_0_introduction.dir/C_/src/pico-sdk/src/rp2_common/pico_cyw43_arch/cyw43_arch_threadsafe_background.c.obj
                0x20007180                cyw43_cb_process_ethernet
 .text.ns_delay.constprop.0
                0x2000718c       0x20 CMakeFiles/_0_introduction.dir/C_/src/pico-sdk/src/rp2_common/cyw43_driver/cyw43_bus_pio_spi.c.obj
 .text.cyw43_spi_init
                0x200071ac      0x1c8 CMakeFiles/_0_introduction.dir/C_/src/pico-sdk/src/rp2_common/cyw43_driver/cyw43_bus_pio_spi.c.obj
                0x200071ac                cyw43_spi_init
 .text.cyw43_spi_transfer
                0x20007374      0x3ac CMakeFiles/_0_introduction.dir/C_/src/pico-sdk/src/rp2_common/cyw43_driver/cyw43_bus_pio_spi.c.obj
                0x20007374                cyw43_spi_transfer
 .text.cyw43_spi_gpio_setup
                0x20007720       0x3c CMakeFiles/_0_introduction.dir/C_/src/pico-sdk/src/rp2_common/cyw43_driver/cyw43_bus_pio_spi.c.obj
                0x20007720                cyw43_spi_gpio_setup
 .text.cyw43_spi_reset
                0x2000775c       0x28 CMakeFiles/_0_introduction.dir/C_/src/pico-sdk/src/rp2_common/cyw43_driver/cyw43_bus_pio_spi.c.obj
                0x2000775c                cyw43_spi_reset
 .text.read_reg_u32_swap
                0x20007784       0x3c CMakeFiles/_0_introduction.dir/C_/src/pico-sdk/src/rp2_common/cyw43_driver/cyw43_bus_pio_spi.c.obj
                0x20007784                read_reg_u32_swap
 .text.cyw43_read_reg_u32
                0x200077c0       0x6c CMakeFiles/_0_introduction.dir/C_/src/pico-sdk/src/rp2_common/cyw43_driver/cyw43_bus_pio_spi.c.obj
                0x200077c0                cyw43_read_reg_u32
 .text.cyw43_read_reg_u16
                0x2000782c       0x6c CMakeFiles/_0_introduction.dir/C_/src/pico-sdk/src/rp2_common/cyw43_driver/cyw43_bus_pio_spi.c.obj
                0x2000782c                cyw43_read_reg_u16
 .text.cyw43_read_reg_u8
                0x20007898       0x6c CMakeFiles/_0_introduction.dir/C_/src/pico-sdk/src/rp2_common/cyw43_driver/cyw43_bus_pio_spi.c.obj
                0x20007898                cyw43_read_reg_u8
 .text.write_reg_u32_swap
                0x20007904      0x1c4 CMakeFiles/_0_introduction.dir/C_/src/pico-sdk/src/rp2_common/cyw43_driver/cyw43_bus_pio_spi.c.obj
                0x20007904                write_reg_u32_swap
 .text.cyw43_write_reg_u32
                0x20007ac8      0x1e8 CMakeFiles/_0_introduction.dir/C_/src/pico-sdk/src/rp2_common/cyw43_driver/cyw43_bus_pio_spi.c.obj
                0x20007ac8                cyw43_write_reg_u32
 .text.cyw43_write_reg_u16
                0x20007cb0      0x1e8 CMakeFiles/_0_introduction.dir/C_/src/pico-sdk/src/rp2_common/cyw43_driver/cyw43_bus_pio_spi.c.obj
                0x20007cb0                cyw43_write_reg_u16
 .text.cyw43_write_reg_u8
                0x20007e98      0x1e8 CMakeFiles/_0_introduction.dir/C_/src/pico-sdk/src/rp2_common/cyw43_driver/cyw43_bus_pio_spi.c.obj
                0x20007e98                cyw43_write_reg_u8
 .text.cyw43_read_bytes
                0x20008080       0x8c CMakeFiles/_0_introduction.dir/C_/src/pico-sdk/src/rp2_common/cyw43_driver/cyw43_bus_pio_spi.c.obj
                0x20008080                cyw43_read_bytes
 .text.cyw43_write_bytes
                0x2000810c       0xd8 CMakeFiles/_0_introduction.dir/C_/src/pico-sdk/src/rp2_common/cyw43_driver/cyw43_bus_pio_spi.c.obj
                0x2000810c                cyw43_write_bytes
 .text.cyw43_set_backplane_window
                0x200081e4       0x64 CMakeFiles/_0_introduction.dir/C_/src/pico-sdk/lib/cyw43-driver/src/cyw43_ll.c.obj
 .text.cyw43_ll_parse_async_event
                0x20008248      0x13c CMakeFiles/_0_introduction.dir/C_/src/pico-sdk/lib/cyw43-driver/src/cyw43_ll.c.obj
 .text.cyw43_kso_set
                0x20008384       0xa0 CMakeFiles/_0_introduction.dir/C_/src/pico-sdk/lib/cyw43-driver/src/cyw43_ll.c.obj
 .text.cyw43_ll_sdpcm_poll_device
                0x20008424      0x244 CMakeFiles/_0_introduction.dir/C_/src/pico-sdk/lib/cyw43-driver/src/cyw43_ll.c.obj
 .text.cyw43_sdpcm_send_common
                0x20008668       0xf0 CMakeFiles/_0_introduction.dir/C_/src/pico-sdk/lib/cyw43-driver/src/cyw43_ll.c.obj
 .text.cyw43_do_ioctl
                0x20008758      0x110 CMakeFiles/_0_introduction.dir/C_/src/pico-sdk/lib/cyw43-driver/src/cyw43_ll.c.obj
 .text.cyw43_do_ioctl.constprop.0
                0x20008868      0x108 CMakeFiles/_0_introduction.dir/C_/src/pico-sdk/lib/cyw43-driver/src/cyw43_ll.c.obj
 .text.reset_device_core.constprop.0
                0x20008970      0x3f0 CMakeFiles/_0_introduction.dir/C_/src/pico-sdk/lib/cyw43-driver/src/cyw43_ll.c.obj
 .text.cyw43_ll_init
                0x20008d60       0x18 CMakeFiles/_0_introduction.dir/C_/src/pico-sdk/lib/cyw43-driver/src/cyw43_ll.c.obj
                0x20008d60                cyw43_ll_init
 .text.cyw43_ll_process_packets
                0x20008d78       0x68 CMakeFiles/_0_introduction.dir/C_/src/pico-sdk/lib/cyw43-driver/src/cyw43_ll.c.obj
                0x20008d78                cyw43_ll_process_packets
 .text.cyw43_ll_ioctl
                0x20008de0       0x20 CMakeFiles/_0_introduction.dir/C_/src/pico-sdk/lib/cyw43-driver/src/cyw43_ll.c.obj
                0x20008de0                cyw43_ll_ioctl
 .text.cyw43_ll_bus_sleep
                0x20008e00       0x34 CMakeFiles/_0_introduction.dir/C_/src/pico-sdk/lib/cyw43-driver/src/cyw43_ll.c.obj
                0x20008e00                cyw43_ll_bus_sleep
 .text.cyw43_ll_bus_init
                0x20008e34      0xcb8 CMakeFiles/_0_introduction.dir/C_/src/pico-sdk/lib/cyw43-driver/src/cyw43_ll.c.obj
                0x20008e34                cyw43_ll_bus_init
 .text.cyw43_ll_wifi_get_mac
                0x20009aec       0x44 CMakeFiles/_0_introduction.dir/C_/src/pico-sdk/lib/cyw43-driver/src/cyw43_ll.c.obj
                0x20009aec                cyw43_ll_wifi_get_mac
 .text.cyw43_ll_wifi_set_wpa_auth
                0x20009b30       0x2c CMakeFiles/_0_introduction.dir/C_/src/pico-sdk/lib/cyw43-driver/src/cyw43_ll.c.obj
                0x20009b30                cyw43_ll_wifi_set_wpa_auth
 .text.cyw43_ll_wifi_rejoin
                0x20009b5c       0x1c CMakeFiles/_0_introduction.dir/C_/src/pico-sdk/lib/cyw43-driver/src/cyw43_ll.c.obj
                0x20009b5c                cyw43_ll_wifi_rejoin
 .text.cyw43_ll_gpio_set
                0x20009b78       0x6c CMakeFiles/_0_introduction.dir/C_/src/pico-sdk/lib/cyw43-driver/src/cyw43_ll.c.obj
                0x20009b78                cyw43_ll_gpio_set
 .text.cyw43_ll_has_work
                0x20009be4       0x14 CMakeFiles/_0_introduction.dir/C_/src/pico-sdk/lib/cyw43-driver/src/cyw43_ll.c.obj
                0x20009be4                cyw43_ll_has_work
 .text.cyw43_poll_func
                0x20009bf8       0xbc CMakeFiles/_0_introduction.dir/C_/src/pico-sdk/lib/cyw43-driver/src/cyw43_ctrl.c.obj
 .text.cyw43_init
                0x20009cb4       0x6c CMakeFiles/_0_introduction.dir/C_/src/pico-sdk/lib/cyw43-driver/src/cyw43_ctrl.c.obj
                0x20009cb4                cyw43_init
 .text.cyw43_cb_read_host_interrupt_pin
                0x20009d20        0xc CMakeFiles/_0_introduction.dir/C_/src/pico-sdk/lib/cyw43-driver/src/cyw43_ctrl.c.obj
                0x20009d20                cyw43_cb_read_host_interrupt_pin
 .text.cyw43_cb_ensure_awake
                0x20009d2c        0xc CMakeFiles/_0_introduction.dir/C_/src/pico-sdk/lib/cyw43-driver/src/cyw43_ctrl.c.obj
                0x20009d2c                cyw43_cb_ensure_awake
 .text.cyw43_cb_process_async_event
                0x20009d38      0x238 CMakeFiles/_0_introduction.dir/C_/src/pico-sdk/lib/cyw43-driver/src/cyw43_ctrl.c.obj
                0x20009d38                cyw43_cb_process_async_event
 .text.cyw43_gpio_set
                0x20009f70       0xa4 CMakeFiles/_0_introduction.dir/C_/src/pico-sdk/lib/cyw43-driver/src/cyw43_ctrl.c.obj
                0x20009f70                cyw43_gpio_set
 .text.pio_sm_unclaim
                0x2000a014       0x20 CMakeFiles/_0_introduction.dir/C_/src/pico-sdk/src/rp2_common/hardware_pio/pio.c.obj
                0x2000a014                pio_sm_unclaim
 .text.pio_claim_unused_sm
                0x2000a034       0x3c CMakeFiles/_0_introduction.dir/C_/src/pico-sdk/src/rp2_common/hardware_pio/pio.c.obj
                0x2000a034                pio_claim_unused_sm
 .text.pio_can_add_program
                0x2000a070       0x68 CMakeFiles/_0_introduction.dir/C_/src/pico-sdk/src/rp2_common/hardware_pio/pio.c.obj
                0x2000a070                pio_can_add_program
 .text.pio_add_program
                0x2000a0d8       0xc8 CMakeFiles/_0_introduction.dir/C_/src/pico-sdk/src/rp2_common/hardware_pio/pio.c.obj
                0x2000a0d8                pio_add_program
 .text.pio_remove_program
                0x2000a1a0       0x34 CMakeFiles/_0_introduction.dir/C_/src/pico-sdk/src/rp2_common/hardware_pio/pio.c.obj
                0x2000a1a0                pio_remove_program
 .text.pio_sm_set_pindirs_with_mask
                0x2000a1d4       0x88 CMakeFiles/_0_introduction.dir/C_/src/pico-sdk/src/rp2_common/hardware_pio/pio.c.obj
                0x2000a1d4                pio_sm_set_pindirs_with_mask
 .text.pio_sm_set_consecutive_pindirs
                0x2000a25c       0x84 CMakeFiles/_0_introduction.dir/C_/src/pico-sdk/src/rp2_common/hardware_pio/pio.c.obj
                0x2000a25c                pio_sm_set_consecutive_pindirs
 .text.dma_channel_unclaim
                0x2000a2e0       0x10 CMakeFiles/_0_introduction.dir/C_/src/pico-sdk/src/rp2_common/hardware_dma/dma.c.obj
                0x2000a2e0                dma_channel_unclaim
 .text.dma_claim_unused_channel
                0x2000a2f0       0x20 CMakeFiles/_0_introduction.dir/C_/src/pico-sdk/src/rp2_common/hardware_dma/dma.c.obj
                0x2000a2f0                dma_claim_unused_channel
 .text          0x2000a310        0x4 c:/progra~2/gnuarm~1/102021~1.10/bin/../lib/gcc/arm-none-eabi/10.3.1/thumb/v6-m/nofp\libgcc.a(_dvmd_tls.o)
                0x2000a310                __aeabi_idiv0
                0x2000a310                __aeabi_ldiv0
 .text.memmove  0x2000a314       0xac c:/progra~2/gnuarm~1/102021~1.10/bin/../lib/gcc/arm-none-eabi/10.3.1/../../../../arm-none-eabi/lib/thumb/v6-m/nofp\libc.a(lib_a-memmove.o)
                0x2000a314                memmove
 .text.strlen   0x2000a3c0       0x5c c:/progra~2/gnuarm~1/102021~1.10/bin/../lib/gcc/arm-none-eabi/10.3.1/../../../../arm-none-eabi/lib/thumb/v6-m/nofp\libc.a(lib_a-strlen-stub.o)
                0x2000a3c0                strlen
 .text.strncmp  0x2000a41c       0x74 c:/progra~2/gnuarm~1/102021~1.10/bin/../lib/gcc/arm-none-eabi/10.3.1/../../../../arm-none-eabi/lib/thumb/v6-m/nofp\libc.a(lib_a-strncmp.o)
                0x2000a41c                strncmp
 *(.fini)
 .fini          0x2000a490        0x4 c:/progra~2/gnuarm~1/102021~1.10/bin/../lib/gcc/arm-none-eabi/10.3.1/thumb/v6-m/nofp/crti.o
                0x2000a490                _fini
 *fill*         0x2000a494        0x4 
 .fini.__stub   0x2000a498       0x10 linker stubs
 *crtbegin.o(.ctors)
 *crtbegin?.o(.ctors)
 *(EXCLUDE_FILE(*crtend.o *crtend?.o) .ctors)
 *(SORT_BY_NAME(.ctors.*))
 *(.ctors)
 *crtbegin.o(.dtors)
 *crtbegin?.o(.dtors)
 *(EXCLUDE_FILE(*crtend.o *crtend?.o) .dtors)
 *(SORT_BY_NAME(.dtors.*))
 *(.dtors)
 *(.eh_frame*)
 .eh_frame      0x2000a4a8        0x0 c:/progra~2/gnuarm~1/102021~1.10/bin/../lib/gcc/arm-none-eabi/10.3.1/thumb/v6-m/nofp/crtbegin.o
                0x2000a4a8                . = ALIGN (0x4)
                0x2000a4a8                __ram_text_end__ = .
                0x100372dc                __ram_text_source__ = LOADADDR (.text)

.glue_7         0x2000a4a8        0x0 load address 0x100416c4
 .glue_7        0x2000a4a8        0x0 linker stubs

.glue_7t        0x2000a4a8        0x0 load address 0x100416c4
 .glue_7t       0x2000a4a8        0x0 linker stubs

.vfp11_veneer   0x2000a4a8        0x0 load address 0x100416c4
 .vfp11_veneer  0x2000a4a8        0x0 linker stubs

.v4_bx          0x2000a4a8        0x0 load address 0x100416c4
 .v4_bx         0x2000a4a8        0x0 linker stubs

.iplt           0x2000a4a8        0x0 load address 0x100416c4
 .iplt          0x2000a4a8        0x0 c:/progra~2/gnuarm~1/102021~1.10/bin/../lib/gcc/arm-none-eabi/10.3.1/thumb/v6-m/nofp/crtbegin.o

.rel.dyn        0x2000a4a8        0x0 load address 0x100416c4
 .rel.iplt      0x2000a4a8        0x0 c:/progra~2/gnuarm~1/102021~1.10/bin/../lib/gcc/arm-none-eabi/10.3.1/thumb/v6-m/nofp/crtbegin.o

.data           0x2000a4b0     0x1348 load address 0x100416c4
                0x2000a4b0                __data_start__ = .
 *(vtable)
 *(.time_critical*)
 .time_critical.sem_acquire_timeout_us
                0x2000a4b0       0x78 CMakeFiles/_0_introduction.dir/C_/src/pico-sdk/src/common/pico_sync/sem.c.obj
                0x2000a4b0                sem_acquire_timeout_us
 .time_critical.sem_release
                0x2000a528       0x4c CMakeFiles/_0_introduction.dir/C_/src/pico-sdk/src/common/pico_sync/sem.c.obj
                0x2000a528                sem_release
 .time_critical.mutex_enter_blocking
                0x2000a574       0x48 CMakeFiles/_0_introduction.dir/C_/src/pico-sdk/src/common/pico_sync/mutex.c.obj
                0x2000a574                mutex_enter_blocking
 .time_critical.recursive_mutex_enter_blocking
                0x2000a5bc       0x54 CMakeFiles/_0_introduction.dir/C_/src/pico-sdk/src/common/pico_sync/mutex.c.obj
                0x2000a5bc                recursive_mutex_enter_blocking
 .time_critical.mutex_try_enter
                0x2000a610       0x44 CMakeFiles/_0_introduction.dir/C_/src/pico-sdk/src/common/pico_sync/mutex.c.obj
                0x2000a610                mutex_try_enter
 .time_critical.recursive_mutex_try_enter
                0x2000a654       0x54 CMakeFiles/_0_introduction.dir/C_/src/pico-sdk/src/common/pico_sync/mutex.c.obj
                0x2000a654                recursive_mutex_try_enter
 .time_critical.mutex_enter_timeout_ms
                0x2000a6a8       0xa0 CMakeFiles/_0_introduction.dir/C_/src/pico-sdk/src/common/pico_sync/mutex.c.obj
                0x2000a6a8                mutex_enter_timeout_ms
 .time_critical.mutex_exit
                0x2000a748       0x28 CMakeFiles/_0_introduction.dir/C_/src/pico-sdk/src/common/pico_sync/mutex.c.obj
                0x2000a748                mutex_exit
 .time_critical.recursive_mutex_exit
                0x2000a770       0x44 CMakeFiles/_0_introduction.dir/C_/src/pico-sdk/src/common/pico_sync/mutex.c.obj
                0x2000a770                recursive_mutex_exit
 .time_critical.flash_init_boot2_copyout
                0x2000a7b4       0x30 CMakeFiles/_0_introduction.dir/C_/src/pico-sdk/src/rp2_common/hardware_flash/flash.c.obj
 .time_critical.flash_enable_xip_via_boot2
                0x2000a7e4       0x10 CMakeFiles/_0_introduction.dir/C_/src/pico-sdk/src/rp2_common/hardware_flash/flash.c.obj
 .time_critical.flash_cs_force
                0x2000a7f4       0x38 CMakeFiles/_0_introduction.dir/C_/src/pico-sdk/src/rp2_common/hardware_flash/flash.c.obj
 .time_critical.flash_do_cmd
                0x2000a82c       0xc4 CMakeFiles/_0_introduction.dir/C_/src/pico-sdk/src/rp2_common/hardware_flash/flash.c.obj
                0x2000a82c                flash_do_cmd
                0x2000a8f0                . = ALIGN (0x4)
 *(.rodata*)
 .rodata.spin_lock_claim_unused.str1.4
                0x2000a8f0       0x1b CMakeFiles/_0_introduction.dir/C_/src/pico-sdk/src/rp2_common/hardware_sync/sync.c.obj
 *fill*         0x2000a90b        0x1 
 .rodata.user_irq_claim_unused.str1.4
                0x2000a90c       0x1b CMakeFiles/_0_introduction.dir/C_/src/pico-sdk/src/rp2_common/hardware_irq/irq.c.obj
 *fill*         0x2000a927        0x1 
 .rodata.hardware_alarm_claim.str1.4
                0x2000a928       0x22 CMakeFiles/_0_introduction.dir/C_/src/pico-sdk/src/rp2_common/hardware_timer/timer.c.obj
 *fill*         0x2000a94a        0x2 
 .rodata.panic.str1.4
                0x2000a94c       0x10 CMakeFiles/_0_introduction.dir/C_/src/pico-sdk/src/rp2_common/pico_runtime/runtime.c.obj
                                 0x12 (size before relaxing)
 .rodata.hard_assertion_failure.str1.4
                0x2000a95c        0xc CMakeFiles/_0_introduction.dir/C_/src/pico-sdk/src/rp2_common/pico_runtime/runtime.c.obj
 .rodata._ftoa.str1.4
                0x2000a968       0x15 CMakeFiles/_0_introduction.dir/C_/src/pico-sdk/src/rp2_common/pico_printf/printf.c.obj
 *fill*         0x2000a97d        0x3 
 .rodata._vsnprintf
                0x2000a980      0x1e0 CMakeFiles/_0_introduction.dir/C_/src/pico-sdk/src/rp2_common/pico_printf/printf.c.obj
 .rodata.pow10.0
                0x2000ab60       0x50 CMakeFiles/_0_introduction.dir/C_/src/pico-sdk/src/rp2_common/pico_printf/printf.c.obj
 .rodata.missing_double_func_shim.str1.4
                0x2000abb0       0x18 CMakeFiles/_0_introduction.dir/C_/src/pico-sdk/src/rp2_common/pico_double/double_init_rom.c.obj
 .rodata.missing_float_func_shim.str1.4
                0x2000abc8       0x18 CMakeFiles/_0_introduction.dir/C_/src/pico-sdk/src/rp2_common/pico_float/float_init_rom.c.obj
                                  0x1 (size before relaxing)
 .rodata.str1.4
                0x2000abc8       0x44 CMakeFiles/_0_introduction.dir/C_/src/pico-sdk/src/rp2_common/pico_standard_link/binary_info.c.obj
 .rodata.__bi_44
                0x2000ac0c        0xc CMakeFiles/_0_introduction.dir/C_/src/pico-sdk/src/rp2_common/pico_standard_link/binary_info.c.obj
 .rodata.__bi_75
                0x2000ac18        0xc CMakeFiles/_0_introduction.dir/C_/src/pico-sdk/src/rp2_common/pico_standard_link/binary_info.c.obj
 .rodata.__bi_81
                0x2000ac24        0xc CMakeFiles/_0_introduction.dir/C_/src/pico-sdk/src/rp2_common/pico_standard_link/binary_info.c.obj
 .rodata.crlf_str.0
                0x2000ac30        0x2 CMakeFiles/_0_introduction.dir/C_/src/pico-sdk/src/rp2_common/pico_stdio/stdio.c.obj
 *fill*         0x2000ac32        0x2 
 .rodata._resetd_driver
                0x2000ac34       0x18 CMakeFiles/_0_introduction.dir/C_/src/pico-sdk/src/rp2_common/pico_stdio_usb/reset_interface.c.obj
 .rodata.str1.4
                0x2000ac4c       0x13 CMakeFiles/_0_introduction.dir/C_/src/pico-sdk/src/rp2_common/pico_stdio_usb/stdio_usb.c.obj
 *fill*         0x2000ac5f        0x1 
 .rodata.__bi_118.0
                0x2000ac60        0xc CMakeFiles/_0_introduction.dir/C_/src/pico-sdk/src/rp2_common/pico_stdio_usb/stdio_usb.c.obj
 .rodata.str1.4
                0x2000ac6c       0x2a CMakeFiles/_0_introduction.dir/C_/src/pico-sdk/src/rp2_common/pico_stdio_usb/stdio_usb_descriptors.c.obj
 *fill*         0x2000ac96        0x2 
 .rodata.usbd_desc_cfg
                0x2000ac98       0x54 CMakeFiles/_0_introduction.dir/C_/src/pico-sdk/src/rp2_common/pico_stdio_usb/stdio_usb_descriptors.c.obj
 .rodata.usbd_desc_device
                0x2000acec       0x12 CMakeFiles/_0_introduction.dir/C_/src/pico-sdk/src/rp2_common/pico_stdio_usb/stdio_usb_descriptors.c.obj
 *fill*         0x2000acfe        0x2 
 .rodata.usbd_desc_str
                0x2000ad00       0x18 CMakeFiles/_0_introduction.dir/C_/src/pico-sdk/src/rp2_common/pico_stdio_usb/stdio_usb_descriptors.c.obj
 .rodata.dcd_rp2040_irq.str1.4
                0x2000ad18       0x14 CMakeFiles/_0_introduction.dir/C_/src/pico-sdk/lib/tinyusb/src/portable/raspberrypi/rp2040/dcd_rp2040.c.obj
 .rodata._hw_endpoint_buffer_control_update32.part.0.isra.0.str1.4
                0x2000ad2c       0x1f CMakeFiles/_0_introduction.dir/C_/src/pico-sdk/lib/tinyusb/src/portable/raspberrypi/rp2040/rp2040_usb.c.obj
 *fill*         0x2000ad4b        0x1 
 .rodata.hw_endpoint_xfer_continue.str1.4
                0x2000ad4c       0x29 CMakeFiles/_0_introduction.dir/C_/src/pico-sdk/lib/tinyusb/src/portable/raspberrypi/rp2040/rp2040_usb.c.obj
 *fill*         0x2000ad75        0x3 
 .rodata.str1.4
                0x2000ad78        0x3 CMakeFiles/_0_introduction.dir/C_/src/pico-sdk/lib/tinyusb/src/portable/raspberrypi/rp2040/rp2040_usb.c.obj
                                  0x7 (size before relaxing)
 *fill*         0x2000ad7b        0x1 
 .rodata.tud_task
                0x2000ad7c       0x8c CMakeFiles/_0_introduction.dir/C_/src/pico-sdk/lib/tinyusb/src/device/usbd.c.obj
 .rodata._usbd_driver
                0x2000ae08       0x18 CMakeFiles/_0_introduction.dir/C_/src/pico-sdk/lib/tinyusb/src/device/usbd.c.obj
 .rodata.str1.4
                0x2000ae20       0x18 CMakeFiles/_0_introduction.dir/C_/src/pico-sdk/src/rp2_common/pico_bootsel_via_double_reset/pico_bootsel_via_double_reset.c.obj
 .rodata.__bi_35
                0x2000ae38        0xc CMakeFiles/_0_introduction.dir/C_/src/pico-sdk/src/rp2_common/pico_bootsel_via_double_reset/pico_bootsel_via_double_reset.c.obj
 .rodata.cyw43_cb_tcpip_set_link_up.str1.4
                0x2000ae44       0x2c CMakeFiles/_0_introduction.dir/C_/src/pico-sdk/src/rp2_common/pico_cyw43_arch/cyw43_arch_threadsafe_background.c.obj
 .rodata.cyw43_read_bytes.str1.4
                0x2000ae70       0x1a CMakeFiles/_0_introduction.dir/C_/src/pico-sdk/src/rp2_common/cyw43_driver/cyw43_bus_pio_spi.c.obj
 .rodata.cyw43_write_bytes.str1.4
                0x2000ae8a       0x1a CMakeFiles/_0_introduction.dir/C_/src/pico-sdk/src/rp2_common/cyw43_driver/cyw43_bus_pio_spi.c.obj
                                  0xd (size before relaxing)
 *fill*         0x2000ae8a        0x2 
 .rodata.spi_gap01_sample0_program
                0x2000ae8c        0x6 CMakeFiles/_0_introduction.dir/C_/src/pico-sdk/src/rp2_common/cyw43_driver/cyw43_bus_pio_spi.c.obj
 *fill*         0x2000ae92        0x2 
 .rodata.spi_gap01_sample0_program_instructions
                0x2000ae94        0xc CMakeFiles/_0_introduction.dir/C_/src/pico-sdk/src/rp2_common/cyw43_driver/cyw43_bus_pio_spi.c.obj
 .rodata.cyw43_kso_set.str1.4
                0x2000aea0       0x23 CMakeFiles/_0_introduction.dir/C_/src/pico-sdk/lib/cyw43-driver/src/cyw43_ll.c.obj
 *fill*         0x2000aec3        0x1 
 .rodata.cyw43_ll_sdpcm_poll_device.str1.4
                0x2000aec4       0x55 CMakeFiles/_0_introduction.dir/C_/src/pico-sdk/lib/cyw43-driver/src/cyw43_ll.c.obj
 *fill*         0x2000af19        0x3 
 .rodata.cyw43_sdpcm_send_common.str1.4
                0x2000af1c       0x22 CMakeFiles/_0_introduction.dir/C_/src/pico-sdk/lib/cyw43-driver/src/cyw43_ll.c.obj
 *fill*         0x2000af3e        0x2 
 .rodata.cyw43_do_ioctl.str1.4
                0x2000af40       0x55 CMakeFiles/_0_introduction.dir/C_/src/pico-sdk/lib/cyw43-driver/src/cyw43_ll.c.obj
 *fill*         0x2000af95        0x3 
 .rodata.reset_device_core.constprop.0.str1.4
                0x2000af98       0x1a CMakeFiles/_0_introduction.dir/C_/src/pico-sdk/lib/cyw43-driver/src/cyw43_ll.c.obj
 *fill*         0x2000afb2        0x2 
 .rodata.cyw43_ll_process_packets.str1.4
                0x2000afb4       0x22 CMakeFiles/_0_introduction.dir/C_/src/pico-sdk/lib/cyw43-driver/src/cyw43_ll.c.obj
 *fill*         0x2000afd6        0x2 
 .rodata.cyw43_ll_bus_init.str1.4
                0x2000afd8       0xfe CMakeFiles/_0_introduction.dir/C_/src/pico-sdk/lib/cyw43-driver/src/cyw43_ll.c.obj
 *fill*         0x2000b0d6        0x2 
 .rodata.cyw43_ll_gpio_set.str1.4
                0x2000b0d8        0x8 CMakeFiles/_0_introduction.dir/C_/src/pico-sdk/lib/cyw43-driver/src/cyw43_ll.c.obj
 .rodata        0x2000b0e0       0x72 CMakeFiles/_0_introduction.dir/C_/src/pico-sdk/lib/cyw43-driver/src/cyw43_ll.c.obj
 *fill*         0x2000b152        0x2 
 .rodata.wifi_nvram_4343
                0x2000b154      0x2e7 CMakeFiles/_0_introduction.dir/C_/src/pico-sdk/lib/cyw43-driver/src/cyw43_ll.c.obj
 *fill*         0x2000b43b        0x1 
 .rodata.cyw43_cb_process_async_event.str1.4
                0x2000b43c       0x28 CMakeFiles/_0_introduction.dir/C_/src/pico-sdk/lib/cyw43-driver/src/cyw43_ctrl.c.obj
 .rodata.str1.4
                0x2000b464       0x9e CMakeFiles/_0_introduction.dir/C_/src/pico-sdk/lib/cyw43-driver/src/cyw43_ctrl.c.obj
 *fill*         0x2000b502        0x2 
 .rodata.cyw43_async_event_name_table
                0x2000b504      0x164 CMakeFiles/_0_introduction.dir/C_/src/pico-sdk/lib/cyw43-driver/src/cyw43_ctrl.c.obj
 .rodata.pio_claim_unused_sm.str1.4
                0x2000b668       0x24 CMakeFiles/_0_introduction.dir/C_/src/pico-sdk/src/rp2_common/hardware_pio/pio.c.obj
 .rodata.pio_add_program.str1.4
                0x2000b68c       0x11 CMakeFiles/_0_introduction.dir/C_/src/pico-sdk/src/rp2_common/hardware_pio/pio.c.obj
 *fill*         0x2000b69d        0x3 
 .rodata.dma_claim_unused_channel.str1.4
                0x2000b6a0       0x1e CMakeFiles/_0_introduction.dir/C_/src/pico-sdk/src/rp2_common/hardware_dma/dma.c.obj
                0x2000b6c0                . = ALIGN (0x4)
 *fill*         0x2000b6be        0x2 
 *(.data*)
 .data.buffer   0x2000b6c0       0x20 CMakeFiles/_0_introduction.dir/main.cpp.obj
                0x2000b6c0                buffer
 .data.send_data
                0x2000b6e0       0x11 CMakeFiles/_0_introduction.dir/main.cpp.obj
                0x2000b6e0                send_data
 .data.striped_spin_lock_num
                0x2000b6f1        0x1 CMakeFiles/_0_introduction.dir/C_/src/pico-sdk/src/rp2_common/hardware_sync/sync.c.obj
 *fill*         0x2000b6f2        0x2 
 .data          0x2000b6f4       0x48 CMakeFiles/_0_introduction.dir/C_/src/pico-sdk/src/rp2_common/hardware_irq/irq_handler_chain.S.obj
                0x2000b6f4                irq_handler_chain_slots
                0x2000b724                irq_handler_chain_first_slot
                0x2000b72e                irq_handler_chain_remove_tail
 .data.default_alarm_pool
                0x2000b73c       0x18 CMakeFiles/_0_introduction.dir/C_/src/pico-sdk/src/common/pico_time/time.c.obj
 .data.default_alarm_pool_heap
                0x2000b754       0x10 CMakeFiles/_0_introduction.dir/C_/src/pico-sdk/src/common/pico_time/time.c.obj
 *fill*         0x2000b764        0xc 
 .data.aeabi_bits_funcs
                0x2000b770       0x10 CMakeFiles/_0_introduction.dir/C_/src/pico-sdk/src/rp2_common/pico_bit_ops/bit_ops_aeabi.S.obj
                0x2000b770                aeabi_bits_funcs
                0x2000b780                aeabi_bits_funcs_end
 .data.aeabi_mem_funcs
                0x2000b780       0x10 CMakeFiles/_0_introduction.dir/C_/src/pico-sdk/src/rp2_common/pico_mem_ops/mem_ops_aeabi.S.obj
                0x2000b780                aeabi_mem_funcs
                0x2000b790                aeabi_mem_funcs_end
 .data.stdio_usb
                0x2000b790       0x14 CMakeFiles/_0_introduction.dir/C_/src/pico-sdk/src/rp2_common/pico_stdio_usb/stdio_usb.c.obj
                0x2000b790                stdio_usb
 .data.ep_dir_string
                0x2000b7a4        0x8 CMakeFiles/_0_introduction.dir/C_/src/pico-sdk/lib/tinyusb/src/portable/raspberrypi/rp2040/rp2040_usb.c.obj
                0x2000b7a4                ep_dir_string
 .data._usbd_qdef
                0x2000b7ac       0x24 CMakeFiles/_0_introduction.dir/C_/src/pico-sdk/lib/tinyusb/src/device/usbd.c.obj
                0x2000b7ac                _usbd_qdef
 .data.periodic_alarm
                0x2000b7d0        0x4 CMakeFiles/_0_introduction.dir/C_/src/pico-sdk/src/rp2_common/pico_cyw43_arch/cyw43_arch_threadsafe_background.c.obj
                0x2000b7d4                . = ALIGN (0x4)
 *(.after_data.*)
                0x2000b7d4                . = ALIGN (0x4)
                0x2000b7d4                PROVIDE (__mutex_array_start = .)
 *(SORT_BY_NAME(.mutex_array.*))
 *(.mutex_array)
 .mutex_array   0x2000b7d4        0x8 CMakeFiles/_0_introduction.dir/C_/src/pico-sdk/src/rp2_common/pico_stdio/stdio.c.obj
                0x2000b7dc                PROVIDE (__mutex_array_end = .)
                0x2000b7dc                . = ALIGN (0x4)
                0x2000b7dc                PROVIDE (__preinit_array_start = .)
 *(SORT_BY_NAME(.preinit_array.*))
 .preinit_array.00001
                0x2000b7dc        0x4 CMakeFiles/_0_introduction.dir/C_/src/pico-sdk/src/rp2_common/pico_mem_ops/mem_ops_aeabi.S.obj
 .preinit_array.00010
                0x2000b7e0        0x4 CMakeFiles/_0_introduction.dir/C_/src/pico-sdk/src/rp2_common/pico_bit_ops/bit_ops_aeabi.S.obj
 .preinit_array.00020
                0x2000b7e4        0x4 CMakeFiles/_0_introduction.dir/C_/src/pico-sdk/src/rp2_common/pico_double/double_aeabi.S.obj
 .preinit_array.00020
                0x2000b7e8        0x4 CMakeFiles/_0_introduction.dir/C_/src/pico-sdk/src/rp2_common/pico_float/float_aeabi.S.obj
 *(.preinit_array)
                0x2000b7ec                PROVIDE (__preinit_array_end = .)
                0x2000b7ec                . = ALIGN (0x4)
                0x2000b7ec                PROVIDE (__init_array_start = .)
 *(SORT_BY_NAME(.init_array.*))
 *(.init_array)
 .init_array    0x2000b7ec        0x4 c:/progra~2/gnuarm~1/102021~1.10/bin/../lib/gcc/arm-none-eabi/10.3.1/thumb/v6-m/nofp/crtbegin.o
 .init_array    0x2000b7f0        0x4 CMakeFiles/_0_introduction.dir/C_/src/pico-sdk/src/rp2_common/pico_unique_id/unique_id.c.obj
 .init_array    0x2000b7f4        0x4 CMakeFiles/_0_introduction.dir/C_/src/pico-sdk/src/rp2_common/pico_bootsel_via_double_reset/pico_bootsel_via_double_reset.c.obj
                0x2000b7f8                PROVIDE (__init_array_end = .)
                0x2000b7f8                . = ALIGN (0x4)
                [!provide]                PROVIDE (__fini_array_start = .)
 *(SORT_BY_NAME(.fini_array.*))
 *(.fini_array)
                [!provide]                PROVIDE (__fini_array_end = .)
 *(.jcr)
                0x2000b7f8                . = ALIGN (0x4)
                0x2000b7f8                __data_end__ = .
                0x100416c4                __etext = LOADADDR (.data)

.igot.plt       0x2000b7f8        0x0 load address 0x10042a0c
 .igot.plt      0x2000b7f8        0x0 c:/progra~2/gnuarm~1/102021~1.10/bin/../lib/gcc/arm-none-eabi/10.3.1/thumb/v6-m/nofp/crtbegin.o

.uninitialized_ram.magic_location
                0x2000b7f8        0xc load address 0x10042a0c
 .uninitialized_ram.magic_location
                0x2000b7f8        0xc CMakeFiles/_0_introduction.dir/C_/src/pico-sdk/src/rp2_common/pico_bootsel_via_double_reset/pico_bootsel_via_double_reset.c.obj

.uninitialized_data
                0x2000b804        0x0 load address 0x10042a18
                0x2000b804                . = ALIGN (0x4)
 *(.uninitialized_data*)

.scratch_x      0x20040000        0x0 load address 0x10042a18
                0x20040000                __scratch_x_start__ = .
 *(.scratch_x.*)
                0x20040000                . = ALIGN (0x4)
                0x20040000                __scratch_x_end__ = .
                0x10042a18                __scratch_x_source__ = LOADADDR (.scratch_x)

.scratch_y      0x20041000        0x0 load address 0x10042a18
                0x20041000                __scratch_y_start__ = .
 *(.scratch_y.*)
                0x20041000                . = ALIGN (0x4)
                0x20041000                __scratch_y_end__ = .
                0x10042a18                __scratch_y_source__ = LOADADDR (.scratch_y)

.bss            0x2000b808     0x16ac
                0x2000b808                . = ALIGN (0x4)
                0x2000b808                __bss_start__ = .
 *(SORT_BY_ALIGNMENT(SORT_BY_NAME(.bss*)))
 .bss.default_alarm_pool_entries
                0x2000b808      0x100 CMakeFiles/_0_introduction.dir/C_/src/pico-sdk/src/common/pico_time/time.c.obj
 .bss.last_avail_time.1
                0x2000b908        0x8 CMakeFiles/_0_introduction.dir/C_/src/pico-sdk/src/rp2_common/pico_stdio_usb/stdio_usb.c.obj
 .bss.sd_table  0x2000b910      0x100 CMakeFiles/_0_introduction.dir/C_/src/pico-sdk/src/rp2_common/pico_double/double_init_rom.c.obj
                0x2000b910                sd_table
 .bss           0x2000ba10       0x1c c:/progra~2/gnuarm~1/102021~1.10/bin/../lib/gcc/arm-none-eabi/10.3.1/thumb/v6-m/nofp/crtbegin.o
 .bss._app_driver
                0x2000ba2c        0x4 CMakeFiles/_0_introduction.dir/C_/src/pico-sdk/lib/tinyusb/src/device/usbd.c.obj
 .bss._cdcd_itf
                0x2000ba30      0x2d8 CMakeFiles/_0_introduction.dir/C_/src/pico-sdk/lib/tinyusb/src/class/cdc/cdc_device.c.obj
 .bss._ctrl_xfer
                0x2000bd08       0x14 CMakeFiles/_0_introduction.dir/C_/src/pico-sdk/lib/tinyusb/src/device/usbd_control.c.obj
 .bss._ubsd_mutexdef
                0x2000bd1c        0x8 CMakeFiles/_0_introduction.dir/C_/src/pico-sdk/lib/tinyusb/src/device/usbd.c.obj
 .bss._usbd_ctrl_buf
                0x2000bd24       0x40 CMakeFiles/_0_introduction.dir/C_/src/pico-sdk/lib/tinyusb/src/device/usbd_control.c.obj
 .bss._usbd_dev
                0x2000bd64       0x53 CMakeFiles/_0_introduction.dir/C_/src/pico-sdk/lib/tinyusb/src/device/usbd.c.obj
 *fill*         0x2000bdb7        0x1 
 .bss._usbd_mutex
                0x2000bdb8        0x4 CMakeFiles/_0_introduction.dir/C_/src/pico-sdk/lib/tinyusb/src/device/usbd.c.obj
 .bss._usbd_q   0x2000bdbc        0x4 CMakeFiles/_0_introduction.dir/C_/src/pico-sdk/lib/tinyusb/src/device/usbd.c.obj
 .bss._usbd_qdef_buf
                0x2000bdc0       0xc0 CMakeFiles/_0_introduction.dir/C_/src/pico-sdk/lib/tinyusb/src/device/usbd.c.obj
                0x2000bdc0                _usbd_qdef_buf
 .bss._used_instruction_space
                0x2000be80        0x8 CMakeFiles/_0_introduction.dir/C_/src/pico-sdk/src/rp2_common/hardware_pio/pio.c.obj
 .bss.alarm_callbacks
                0x2000be88       0x10 CMakeFiles/_0_introduction.dir/C_/src/pico-sdk/src/rp2_common/hardware_timer/timer.c.obj
 .bss.boot2_copyout
                0x2000be98      0x100 CMakeFiles/_0_introduction.dir/C_/src/pico-sdk/src/rp2_common/hardware_flash/flash.c.obj
 .bss.bus_data_instance
                0x2000bf98        0xc CMakeFiles/_0_introduction.dir/C_/src/pico-sdk/src/rp2_common/cyw43_driver/cyw43_bus_pio_spi.c.obj
 .bss.claimed   0x2000bfa4        0x4 CMakeFiles/_0_introduction.dir/C_/src/pico-sdk/src/rp2_common/hardware_sync/sync.c.obj
 .bss.configured_freq
                0x2000bfa8       0x28 CMakeFiles/_0_introduction.dir/C_/src/pico-sdk/src/rp2_common/hardware_clocks/clocks.c.obj
 .bss.cyw43_irq_sem
                0x2000bfd0        0x8 CMakeFiles/_0_introduction.dir/C_/src/pico-sdk/src/rp2_common/pico_cyw43_arch/cyw43_arch_threadsafe_background.c.obj
                0x2000bfd0                cyw43_irq_sem
 .bss.cyw43_mutex
                0x2000bfd8        0x8 CMakeFiles/_0_introduction.dir/C_/src/pico-sdk/src/rp2_common/pico_cyw43_arch/cyw43_arch_threadsafe_background.c.obj
 .bss.cyw43_poll
                0x2000bfe0        0x4 CMakeFiles/_0_introduction.dir/C_/src/pico-sdk/lib/cyw43-driver/src/cyw43_ctrl.c.obj
                0x2000bfe0                cyw43_poll
 .bss.cyw43_sleep
                0x2000bfe4        0x4 CMakeFiles/_0_introduction.dir/C_/src/pico-sdk/lib/cyw43-driver/src/cyw43_ctrl.c.obj
                0x2000bfe4                cyw43_sleep
 .bss.cyw43_state
                0x2000bfe8      0x8dc CMakeFiles/_0_introduction.dir/C_/src/pico-sdk/lib/cyw43-driver/src/cyw43_ctrl.c.obj
                0x2000bfe8                cyw43_state
 .bss.default_alarm_pool_entry_ids_high
                0x2000c8c4       0x10 CMakeFiles/_0_introduction.dir/C_/src/pico-sdk/src/common/pico_time/time.c.obj
 .bss.default_alarm_pool_heap_nodes
                0x2000c8d4       0x30 CMakeFiles/_0_introduction.dir/C_/src/pico-sdk/src/common/pico_time/time.c.obj
 .bss.desc_str.0
                0x2000c904       0x28 CMakeFiles/_0_introduction.dir/C_/src/pico-sdk/src/rp2_common/pico_stdio_usb/stdio_usb_descriptors.c.obj
 .bss.drivers   0x2000c92c        0x4 CMakeFiles/_0_introduction.dir/C_/src/pico-sdk/src/rp2_common/pico_stdio/stdio.c.obj
 .bss.filter    0x2000c930        0x4 CMakeFiles/_0_introduction.dir/C_/src/pico-sdk/src/rp2_common/pico_stdio/stdio.c.obj
 .bss.hw_endpoints
                0x2000c934      0x400 CMakeFiles/_0_introduction.dir/C_/src/pico-sdk/lib/tinyusb/src/portable/raspberrypi/rp2040/dcd_rp2040.c.obj
 .bss.lazy_vsnprintf
                0x2000cd34        0x4 CMakeFiles/_0_introduction.dir/C_/src/pico-sdk/src/rp2_common/pico_printf/printf.c.obj
 .bss.load_value
                0x2000cd38        0x4 CMakeFiles/_0_introduction.dir/C_/src/pico-sdk/src/rp2_common/hardware_watchdog/watchdog.c.obj
 .bss.low_priority_irq_dispatch_slots
                0x2000cd3c        0x8 CMakeFiles/_0_introduction.dir/C_/src/pico-sdk/src/rp2_common/pico_cyw43_arch/cyw43_arch_threadsafe_background.c.obj
 .bss.next_buffer_ptr
                0x2000cd44        0x4 CMakeFiles/_0_introduction.dir/C_/src/pico-sdk/lib/tinyusb/src/portable/raspberrypi/rp2040/dcd_rp2040.c.obj
 .bss.pools     0x2000cd48       0x10 CMakeFiles/_0_introduction.dir/C_/src/pico-sdk/src/common/pico_time/time.c.obj
 .bss.raw_irq_mask
                0x2000cd58        0x8 CMakeFiles/_0_introduction.dir/C_/src/pico-sdk/src/rp2_common/hardware_gpio/gpio.c.obj
 .bss.retrieved_id
                0x2000cd60        0x8 CMakeFiles/_0_introduction.dir/C_/src/pico-sdk/src/rp2_common/pico_unique_id/unique_id.c.obj
 .bss.sf_clz_func
                0x2000cd68        0x4 CMakeFiles/_0_introduction.dir/C_/src/pico-sdk/src/rp2_common/pico_double/double_init_rom.c.obj
                0x2000cd68                sf_clz_func
 .bss.sf_table  0x2000cd6c      0x100 CMakeFiles/_0_introduction.dir/C_/src/pico-sdk/src/rp2_common/pico_float/float_init_rom.c.obj
                0x2000cd6c                sf_table
 .bss.sleep_notifier
                0x2000ce6c        0x4 CMakeFiles/_0_introduction.dir/C_/src/pico-sdk/src/common/pico_time/time.c.obj
 .bss.stdio_usb_mutex
                0x2000ce70        0x8 CMakeFiles/_0_introduction.dir/C_/src/pico-sdk/src/rp2_common/pico_stdio_usb/stdio_usb.c.obj
 .bss.target_hi
                0x2000ce78       0x10 CMakeFiles/_0_introduction.dir/C_/src/pico-sdk/src/rp2_common/hardware_timer/timer.c.obj
 .bss.uart_char_to_line_feed
                0x2000ce88        0x4 CMakeFiles/_0_introduction.dir/C_/src/pico-sdk/src/rp2_common/hardware_uart/uart.c.obj
                0x2000ce88                uart_char_to_line_feed
 .bss.usbd_serial_str
                0x2000ce8c       0x11 CMakeFiles/_0_introduction.dir/C_/src/pico-sdk/src/rp2_common/pico_stdio_usb/stdio_usb_descriptors.c.obj
 *fill*         0x2000ce9d        0x3 
 .bss.user_irq_claimed
                0x2000cea0        0x2 CMakeFiles/_0_introduction.dir/C_/src/pico-sdk/src/rp2_common/hardware_irq/irq.c.obj
 .bss._claimed  0x2000cea2        0x2 CMakeFiles/_0_introduction.dir/C_/src/pico-sdk/src/rp2_common/hardware_dma/dma.c.obj
 .bss.last_spi_int.0
                0x2000cea4        0x2 CMakeFiles/_0_introduction.dir/C_/src/pico-sdk/lib/cyw43-driver/src/cyw43_ll.c.obj
 .bss._app_driver_count
                0x2000cea6        0x1 CMakeFiles/_0_introduction.dir/C_/src/pico-sdk/lib/tinyusb/src/device/usbd.c.obj
 .bss._usbd_initialized
                0x2000cea7        0x1 CMakeFiles/_0_introduction.dir/C_/src/pico-sdk/lib/tinyusb/src/device/usbd.c.obj
 .bss.boot2_copyout_valid
                0x2000cea8        0x1 CMakeFiles/_0_introduction.dir/C_/src/pico-sdk/src/rp2_common/hardware_flash/flash.c.obj
 .bss.claimed   0x2000cea9        0x1 CMakeFiles/_0_introduction.dir/C_/src/pico-sdk/src/rp2_common/hardware_timer/timer.c.obj
 .bss.claimed   0x2000ceaa        0x1 CMakeFiles/_0_introduction.dir/C_/src/pico-sdk/src/rp2_common/hardware_pio/pio.c.obj
 .bss.cyw43_core_num
                0x2000ceab        0x1 CMakeFiles/_0_introduction.dir/C_/src/pico-sdk/src/rp2_common/pico_cyw43_arch/cyw43_arch_threadsafe_background.c.obj
 .bss.irq_hander_chain_free_slot_head
                0x2000ceac        0x1 CMakeFiles/_0_introduction.dir/C_/src/pico-sdk/src/rp2_common/hardware_irq/irq.c.obj
 .bss.itf_num   0x2000cead        0x1 CMakeFiles/_0_introduction.dir/C_/src/pico-sdk/src/rp2_common/pico_stdio_usb/reset_interface.c.obj
 .bss.low_priority_irq_num
                0x2000ceae        0x1 CMakeFiles/_0_introduction.dir/C_/src/pico-sdk/src/rp2_common/pico_stdio_usb/stdio_usb.c.obj
 .bss.low_priority_irq_num
                0x2000ceaf        0x1 CMakeFiles/_0_introduction.dir/C_/src/pico-sdk/src/rp2_common/pico_cyw43_arch/cyw43_arch_threadsafe_background.c.obj
 .bss.timer_callbacks_pending
                0x2000ceb0        0x1 CMakeFiles/_0_introduction.dir/C_/src/pico-sdk/src/rp2_common/hardware_timer/timer.c.obj
 *(COMMON)
                0x2000ceb4                . = ALIGN (0x4)
 *fill*         0x2000ceb1        0x3 
                0x2000ceb4                __bss_end__ = .

.heap           0x2000ceb4      0x800
                0x2000ceb4                __end__ = .